--------- beginning of main
12-09 08:32:02.751 E/EGL_emulation( 1219): tid 1219: eglCreateSyncKHR(1881): error 0x3004 (EGL_BAD_ATTRIBUTE)
--------- beginning of system
12-09 08:32:02.842 W/ActivityManager( 1592): Finishing task with all activities already finished
12-09 08:32:02.842 W/ActivityManager( 1592): Duplicate finish request for ActivityRecord{bae4652 u0 com.evancharlton.mileage/.Mileage t480 f}
12-09 08:32:02.952 I/art     ( 1592): Background partial concurrent mark sweep GC freed 20150(1517KB) AllocSpace objects, 6(120KB) LOS objects, 29% free, 9MB/13MB, paused 2.086ms total 155.933ms
12-09 08:32:03.003 W/audio_hw_generic( 1308): Hardware backing HAL too slow, could only write 0 of 661 frames
12-09 08:32:03.053 W/ActivityManager( 1592): Finishing task with all activities already finished
12-09 08:32:03.053 W/ActivityManager( 1592): Duplicate finish request for ActivityRecord{bae4652 u0 com.evancharlton.mileage/.Mileage t480 f}
12-09 08:32:03.054 W/art     ( 1592): Long monitor contention event with owner method=void com.android.server.am.ActivityManagerService.activityPaused(android.os.IBinder) from ActivityManagerService.java:6439 waiters=1 for 202ms
12-09 08:32:03.060 W/ActivityManager( 1592): Finishing task with all activities already finished
12-09 08:32:03.060 W/ActivityManager( 1592): Duplicate finish request for ActivityRecord{bae4652 u0 com.evancharlton.mileage/.Mileage t480 f}
12-09 08:32:03.236 D/EGL_emulation( 1938): eglMakeCurrent: 0x7eff64234dc0: ver 2 0 (tinfo 0x7eff64202ae0)
12-09 08:32:03.367 W/art     ( 1592): Long monitor contention event with owner method=void com.android.server.wm.WindowAnimator$1.doFrame(long) from WindowAnimator.java:121 waiters=1 for 104ms
12-09 08:32:03.641 D/AndroidRuntime(18963): >>>>>> START com.android.internal.os.RuntimeInit uid 0 <<<<<<
12-09 08:32:03.642 D/AndroidRuntime(18963): CheckJNI is ON
12-09 08:32:03.671 D/ICU     (18963): No timezone override file found: /data/misc/zoneinfo/current/icu/icu_tzdata.dat
12-09 08:32:03.721 W/audio_hw_generic( 1308): Not supplying enough data to HAL, expected position 40753107 , only wrote 40700414
12-09 08:32:03.773 E/memtrack(18963): Couldn't load memtrack module (No such file or directory)
12-09 08:32:03.773 E/android.os.Debug(18963): failed to load memtrack module: -2
12-09 08:32:03.774 I/Radio-JNI(18963): register_android_hardware_Radio DONE
12-09 08:32:03.839 D/AndroidRuntime(18963): Calling main entry com.android.commands.am.Am
12-09 08:32:03.879 I/ActivityManager( 1592): Force stopping com.evancharlton.mileage appid=10141 user=0: start instr
12-09 08:32:03.880 I/ActivityManager( 1592): Killing 18923:com.evancharlton.mileage/u0a141 (adj 0): stop com.evancharlton.mileage
12-09 08:32:04.207 W/ActivityManager( 1592): Crash of app com.evancharlton.mileage running instrumentation ComponentInfo{com.evancharlton.mileage.test/sh.calaba.instrumentationbackend.CalabashInstrumentationTestRunner}
12-09 08:32:04.208 I/ActivityManager( 1592): Force stopping com.evancharlton.mileage appid=10141 user=0: finished inst
12-09 08:32:04.239 W/art     ( 1592): Long monitor contention event with owner method=void com.android.server.wm.WindowAnimator$1.doFrame(long) from WindowAnimator.java:121 waiters=1 for 130ms
12-09 08:32:04.344 W/art     ( 1592): Long monitor contention event with owner method=void com.android.server.wm.WindowAnimator$1.doFrame(long) from WindowAnimator.java:121 waiters=2 for 235ms
12-09 08:32:04.498 W/art     ( 1592): Long monitor contention event with owner method=void com.android.server.wm.WindowAnimator$1.doFrame(long) from WindowAnimator.java:121 waiters=3 for 389ms
12-09 08:32:04.555 W/art     ( 1592): Long monitor contention event with owner method=void com.android.server.wm.WindowAnimator$1.doFrame(long) from WindowAnimator.java:121 waiters=3 for 367ms
12-09 08:32:04.700 W/art     ( 1592): Long monitor contention event with owner method=void com.android.server.wm.WindowAnimator$1.doFrame(long) from WindowAnimator.java:121 waiters=4 for 492ms
12-09 08:32:04.805 W/art     ( 1592): Long monitor contention event with owner method=void com.android.server.wm.WindowAnimator$1.doFrame(long) from WindowAnimator.java:121 waiters=4 for 567ms
12-09 08:32:04.931 W/art     ( 1592): Long monitor contention event with owner method=void com.android.server.wm.WindowAnimator$1.doFrame(long) from WindowAnimator.java:121 waiters=4 for 588ms
12-09 08:32:04.968 W/art     ( 1592): Long monitor contention event with owner method=void com.android.server.wm.WindowAnimator$1.doFrame(long) from WindowAnimator.java:121 waiters=4 for 471ms
12-09 08:32:04.969 W/art     ( 1592): Long monitor contention event with owner method=void com.android.server.wm.WindowAnimator$1.doFrame(long) from WindowAnimator.java:121 waiters=4 for 413ms
12-09 08:32:04.970 I/Choreographer( 1938): Skipped 79 frames!  The application may be doing too much work on its main thread.
12-09 08:32:05.011 W/art     ( 1592): Long monitor contention event with owner method=void com.android.server.wm.WindowAnimator$1.doFrame(long) from WindowAnimator.java:121 waiters=4 for 206ms
12-09 08:32:05.012 I/WindowState( 1592): WIN DEATH: Window{7023881 u0 PopupWindow:1340c5b EXITING}
12-09 08:32:05.012 I/WindowState( 1592): WIN DEATH: Window{a0f9513 u0 com.evancharlton.mileage/com.evancharlton.mileage.Mileage EXITING}
12-09 08:32:05.032 W/OpenGLRenderer( 1938): Incorrectly called buildLayer on View: ShortcutAndWidgetContainer, destroying layer...
12-09 08:32:05.108 I/ActivityManager( 1592): Start proc 18972:com.evancharlton.mileage/u0a141 for added application com.evancharlton.mileage
12-09 08:32:05.108 W/art     ( 1592): Long monitor contention event with owner method=boolean com.android.server.am.ActivityManagerService.startInstrumentation(android.content.ComponentName, java.lang.String, int, android.os.Bundle, android.app.IInstrumentationWatcher, android.app.IUiAutomationConnection, int, java.lang.String) from ActivityManagerService.java:17066 waiters=0 for 1.229s
12-09 08:32:05.109 D/AndroidRuntime(18963): Shutting down VM
12-09 08:32:05.126 W/art     ( 1592): Long monitor contention event with owner method=boolean com.android.server.am.ActivityManagerService.startInstrumentation(android.content.ComponentName, java.lang.String, int, android.os.Bundle, android.app.IInstrumentationWatcher, android.app.IUiAutomationConnection, int, java.lang.String) from ActivityManagerService.java:17066 waiters=1 for 1.002s
12-09 08:32:05.130 W/art     ( 1592): Long monitor contention event with owner method=boolean com.android.server.am.ActivityManagerService.startInstrumentation(android.content.ComponentName, java.lang.String, int, android.os.Bundle, android.app.IInstrumentationWatcher, android.app.IUiAutomationConnection, int, java.lang.String) from ActivityManagerService.java:17066 waiters=2 for 932ms
12-09 08:32:05.130 W/art     ( 1592): Long monitor contention event with owner method=boolean com.android.server.am.ActivityManagerService.startInstrumentation(android.content.ComponentName, java.lang.String, int, android.os.Bundle, android.app.IInstrumentationWatcher, android.app.IUiAutomationConnection, int, java.lang.String) from ActivityManagerService.java:17066 waiters=3 for 922ms
12-09 08:32:05.145 W/ActivityManager( 1592): Spurious death for ProcessRecord{564c575 0:com.evancharlton.mileage/u0a141}, curProc for 18923: null
12-09 08:32:05.147 W/art     ( 1592): Long monitor contention event with owner method=boolean com.android.server.am.ActivityManagerService.startInstrumentation(android.content.ComponentName, java.lang.String, int, android.os.Bundle, android.app.IInstrumentationWatcher, android.app.IUiAutomationConnection, int, java.lang.String) from ActivityManagerService.java:17066 waiters=4 for 931ms
12-09 08:32:05.212 W/System  (18972): ClassLoader referenced unknown path: /data/app/com.evancharlton.mileage.test-1/lib/x86_64
12-09 08:32:05.212 W/System  (18972): ClassLoader referenced unknown path: /data/app/com.evancharlton.mileage-1/lib/x86_64
12-09 08:32:05.576 W/WindowAnimator( 1592): Failed to dispatch window animation state change.
12-09 08:32:05.576 W/WindowAnimator( 1592): android.os.DeadObjectException
12-09 08:32:05.576 W/WindowAnimator( 1592): 	at android.os.BinderProxy.transactNative(Native Method)
12-09 08:32:05.576 W/WindowAnimator( 1592): 	at android.os.BinderProxy.transact(Binder.java:503)
12-09 08:32:05.576 W/WindowAnimator( 1592): 	at android.view.IWindow$Stub$Proxy.onAnimationStopped(IWindow.java:534)
12-09 08:32:05.576 W/WindowAnimator( 1592): 	at com.android.server.wm.WindowAnimator.updateWindowsLocked(WindowAnimator.java:286)
12-09 08:32:05.576 W/WindowAnimator( 1592): 	at com.android.server.wm.WindowAnimator.animateLocked(WindowAnimator.java:678)
12-09 08:32:05.576 W/WindowAnimator( 1592): 	at com.android.server.wm.WindowAnimator.-wrap0(WindowAnimator.java)
12-09 08:32:05.576 W/WindowAnimator( 1592): 	at com.android.server.wm.WindowAnimator$1.doFrame(WindowAnimator.java:123)
12-09 08:32:05.576 W/WindowAnimator( 1592): 	at android.view.Choreographer$CallbackRecord.run(Choreographer.java:856)
12-09 08:32:05.576 W/WindowAnimator( 1592): 	at android.view.Choreographer.doCallbacks(Choreographer.java:670)
12-09 08:32:05.576 W/WindowAnimator( 1592): 	at android.view.Choreographer.doFrame(Choreographer.java:603)
12-09 08:32:05.576 W/WindowAnimator( 1592): 	at android.view.Choreographer$FrameDisplayEventReceiver.run(Choreographer.java:844)
12-09 08:32:05.576 W/WindowAnimator( 1592): 	at android.os.Handler.handleCallback(Handler.java:739)
12-09 08:32:05.576 W/WindowAnimator( 1592): 	at android.os.Handler.dispatchMessage(Handler.java:95)
12-09 08:32:05.576 W/WindowAnimator( 1592): 	at android.os.Looper.loop(Looper.java:148)
12-09 08:32:05.576 W/WindowAnimator( 1592): 	at android.os.HandlerThread.run(HandlerThread.java:61)
12-09 08:32:05.576 W/WindowAnimator( 1592): 	at com.android.server.ServiceThread.run(ServiceThread.java:46)
12-09 08:32:05.577 W/WindowAnimator( 1592): Failed to dispatch window animation state change.
12-09 08:32:05.577 W/WindowAnimator( 1592): android.os.DeadObjectException
12-09 08:32:05.577 W/WindowAnimator( 1592): 	at android.os.BinderProxy.transactNative(Native Method)
12-09 08:32:05.577 W/WindowAnimator( 1592): 	at android.os.BinderProxy.transact(Binder.java:503)
12-09 08:32:05.577 W/WindowAnimator( 1592): 	at android.view.IWindow$Stub$Proxy.onAnimationStopped(IWindow.java:534)
12-09 08:32:05.577 W/WindowAnimator( 1592): 	at com.android.server.wm.WindowAnimator.updateWindowsLocked(WindowAnimator.java:286)
12-09 08:32:05.577 W/WindowAnimator( 1592): 	at com.android.server.wm.WindowAnimator.animateLocked(WindowAnimator.java:678)
12-09 08:32:05.577 W/WindowAnimator( 1592): 	at com.android.server.wm.WindowAnimator.-wrap0(WindowAnimator.java)
12-09 08:32:05.577 W/WindowAnimator( 1592): 	at com.android.server.wm.WindowAnimator$1.doFrame(WindowAnimator.java:123)
12-09 08:32:05.577 W/WindowAnimator( 1592): 	at android.view.Choreographer$CallbackRecord.run(Choreographer.java:856)
12-09 08:32:05.577 W/WindowAnimator( 1592): 	at android.view.Choreographer.doCallbacks(Choreographer.java:670)
12-09 08:32:05.577 W/WindowAnimator( 1592): 	at android.view.Choreographer.doFrame(Choreographer.java:603)
12-09 08:32:05.577 W/WindowAnimator( 1592): 	at android.view.Choreographer$FrameDisplayEventReceiver.run(Choreographer.java:844)
12-09 08:32:05.577 W/WindowAnimator( 1592): 	at android.os.Handler.handleCallback(Handler.java:739)
12-09 08:32:05.577 W/WindowAnimator( 1592): 	at android.os.Handler.dispatchMessage(Handler.java:95)
12-09 08:32:05.577 W/WindowAnimator( 1592): 	at android.os.Looper.loop(Looper.java:148)
12-09 08:32:05.577 W/WindowAnimator( 1592): 	at android.os.HandlerThread.run(HandlerThread.java:61)
12-09 08:32:05.577 W/WindowAnimator( 1592): 	at com.android.server.ServiceThread.run(ServiceThread.java:46)
12-09 08:32:05.769 W/art     ( 1592): Long monitor contention event with owner method=java.util.List com.android.server.am.ActivityManagerService.getAllStackInfos() from ActivityManagerService.java:8937 waiters=0 for 555ms
12-09 08:32:05.772 W/art     ( 1592): Long monitor contention event with owner method=java.util.List com.android.server.am.ActivityManagerService.getAllStackInfos() from ActivityManagerService.java:8937 waiters=2 for 531ms
12-09 08:32:05.772 W/art     ( 1592): Long monitor contention event with owner method=java.util.List com.android.server.am.ActivityManagerService.getAllStackInfos() from ActivityManagerService.java:8937 waiters=3 for 195ms
12-09 08:32:05.779 W/art     ( 1592): Long monitor contention event with owner method=java.util.List com.android.server.am.ActivityManagerService.getAllStackInfos() from ActivityManagerService.java:8937 waiters=1 for 563ms
12-09 08:32:05.784 I/System.out(18972): Main activity name automatically set to: com.evancharlton.mileage.Mileage
12-09 08:32:05.785 I/System.out(18972): Calabash did not load Mono. This is only a problem if you are trying to test a Mono application
12-09 08:32:05.785 I/calabash(18972): Test server port: 7102
12-09 08:32:05.786 I/InstrumentationBackend(18972): Added:'GetPreferences', with key:'get_preferences'
12-09 08:32:05.792 I/Choreographer( 1693): Skipped 36 frames!  The application may be doing too much work on its main thread.
12-09 08:32:05.851 W/art     (18972): Suspending all threads took: 6.079ms
12-09 08:32:05.905 I/art     (18972): Background partial concurrent mark sweep GC freed 5466(331KB) AllocSpace objects, 0(0B) LOS objects, 55% free, 808KB/1832KB, paused 30.836ms total 107.148ms
12-09 08:32:05.942 I/InstrumentationBackend(18972): Added:'SetPreferences', with key:'set_preferences'
12-09 08:32:05.942 I/InstrumentationBackend(18972): Added:'ClearPreferences', with key:'clear_preferences'
12-09 08:32:05.943 I/InstrumentationBackend(18972): Added:'PressElement', with key:'press_l10n_element'
12-09 08:32:05.943 I/InstrumentationBackend(18972): Added:'WaitForElement', with key:'wait_for_l10n_element'
12-09 08:32:05.949 I/InstrumentationBackend(18972): Added:'NullAction', with key:'nullAction'
12-09 08:32:05.950 I/InstrumentationBackend(18972): Added:'PressKey', with key:'press_key'
12-09 08:32:05.950 I/InstrumentationBackend(18972): Added:'SetActivityOrientation', with key:'set_activity_orientation'
12-09 08:32:05.950 I/InstrumentationBackend(18972): Added:'GetActivityOrientation', with key:'get_activity_orientation'
12-09 08:32:05.950 I/InstrumentationBackend(18972): Added:'FakeGPSLocation', with key:'set_gps_coordinates'
12-09 08:32:05.950 I/InstrumentationBackend(18972): Added:'SetPropertyByCssSelector', with key:'set_property_by_css_selector'
12-09 08:32:05.951 I/InstrumentationBackend(18972): Added:'GetUrl', with key:'get_url'
12-09 08:32:05.951 I/InstrumentationBackend(18972): Added:'ScrollTo', with key:'scroll_to'
12-09 08:32:05.952 I/InstrumentationBackend(18972): Added:'GetLoadProgress', with key:'get_load_progress'
12-09 08:32:05.952 I/InstrumentationBackend(18972): Added:'DumpHtml', with key:'dump_html'
12-09 08:32:05.952 I/InstrumentationBackend(18972): Added:'DumpBodyHtml', with key:'dump_body_html'
12-09 08:32:05.952 I/InstrumentationBackend(18972): Added:'EnterTextByCssSelector', with key:'enter_text_by_selector'
12-09 08:32:05.953 I/InstrumentationBackend(18972): Added:'AndroidSDKVersion', with key:'android_sdk_version'
12-09 08:32:05.953 I/InstrumentationBackend(18972): Added:'Version', with key:'version'
12-09 08:32:05.953 I/InstrumentationBackend(18972): Added:'Drag', with key:'drag'
12-09 08:32:05.953 I/InstrumentationBackend(18972): Added:'TouchCoordinates', with key:'touch_coordinate'
12-09 08:32:05.954 I/InstrumentationBackend(18972): Added:'LongPressCoordinate', with key:'long_press_coordinate'
12-09 08:32:05.954 I/InstrumentationBackend(18972): Added:'DragCoordinates', with key:'drag_coordinates'
12-09 08:32:05.954 I/InstrumentationBackend(18972): Added:'ResumeApplication', with key:'resume_application'
12-09 08:32:05.954 I/InstrumentationBackend(18972): Added:'Swipe', with key:'swipe'
12-09 08:32:05.954 I/InstrumentationBackend(18972): Added:'DoubleTapCoordinate', with key:'double_tap_coordinate'
12-09 08:32:05.954 I/InstrumentationBackend(18972): Added:'ClickOnScreen', with key:'click_on_screen'
12-09 08:32:05.955 I/InstrumentationBackend(18972): Added:'GetActivityName', with key:'get_activity_name'
12-09 08:32:05.971 I/InstrumentationBackend(18972): Added:'ScrollToView', with key:'scroll_to_view'
12-09 08:32:05.971 I/InstrumentationBackend(18972): Added:'ViewConfiguration', with key:'view_configuration'
12-09 08:32:05.972 I/InstrumentationBackend(18972): Added:'IsCurrentActivityFocused', with key:'is_current_activity_focused'
12-09 08:32:05.972 I/InstrumentationBackend(18972): Added:'SendTcp', with key:'send_tcp'
12-09 08:32:05.972 I/InstrumentationBackend(18972): Added:'DpToDevicePixel', with key:'dp_to_device_pixel'
12-09 08:32:05.972 I/InstrumentationBackend(18972): Added:'KeyboardEnterText', with key:'keyboard_enter_text'
12-09 08:32:05.972 I/InstrumentationBackend(18972): Added:'DeleteSurroundingText', with key:'delete_surrounding_text'
12-09 08:32:05.973 I/InstrumentationBackend(18972): Added:'SetComposingRegion', with key:'set_composing_region'
12-09 08:32:05.973 I/InstrumentationBackend(18972): Added:'SetSelection', with key:'set_selection'
12-09 08:32:05.973 I/InstrumentationBackend(18972): Added:'KeyboardKeyEvent', with key:'keyboard_key_event'
12-09 08:32:05.973 I/InstrumentationBackend(18972): Added:'PressUserActionButton', with key:'press_user_action_button'
12-09 08:32:05.974 I/InstrumentationBackend(18972): Added:'HideSoftKeyboard', with key:'hide_soft_keyboard'
12-09 08:32:05.974 I/InstrumentationBackend(18972): Added:'ListActions', with key:'list_actions'
12-09 08:32:05.974 I/calabash(18972): Instantiating http server at 7102
12-09 08:32:05.975 I/System.out(18972): HTTP Daemon listening on: 7102
12-09 08:32:06.120 I/System.out(18972): URI: //ping
12-09 08:32:06.120 I/System.out(18972): params: {json={}
12-09 08:32:06.120 I/System.out(18972): }
12-09 08:32:06.192 I/System.out(18972): URI: //ping
12-09 08:32:06.192 I/System.out(18972): params: {json={}
12-09 08:32:06.192 I/System.out(18972): }
12-09 08:32:06.288 I/System.out(18972): URI: //ready
12-09 08:32:06.288 I/System.out(18972): params: {json={}
12-09 08:32:06.288 I/System.out(18972): }
12-09 08:32:06.356 I/System.out(18972): URI: //
12-09 08:32:06.356 I/System.out(18972): params: {json={"command":"version","arguments":[]}
12-09 08:32:06.356 I/System.out(18972): }
12-09 08:32:06.383 I/System.out(18972): header: {date=Sun, 09 Dec 2018 08:32:06 GMT, accept=*/*, content-length=36, host=127.0.0.1:34777, user-agent=HTTPClient/1.0 (2.8.3, ruby 2.3.1 (2016-04-26)), content-type=application/json;charset=utf-8}
12-09 08:32:06.391 I/System.out(18972): params: {json={"command":"version","arguments":[]}
12-09 08:32:06.391 I/System.out(18972): }
12-09 08:32:06.391 I/System.out(18972): ProP json = {"command":"version","arguments":[]}
12-09 08:32:06.391 I/System.out(18972): files: {}
12-09 08:32:06.392 I/System.out(18972): command: {"command":"version","arguments":[]}
12-09 08:32:06.400 I/InstrumentationBackend(18972): Got command:'Command:'Line:null,version', arguments:'[]'
12-09 08:32:06.429 I/System.out(18972): result:{"bonusInformation":[],"message":"0.9.8","success":true}
12-09 08:32:06.457 I/System.out(18972): URI: //start-application
12-09 08:32:06.457 I/System.out(18972): params: {json={"intent":null}
12-09 08:32:06.457 I/System.out(18972): }
12-09 08:32:06.523 W/art     (18972): Suspending all threads took: 6.943ms
12-09 08:32:06.543 I/art     (18972): Background sticky concurrent mark sweep GC freed 17078(823KB) AllocSpace objects, 1(20KB) LOS objects, 24% free, 1389KB/1832KB, paused 16.289ms total 65.673ms
12-09 08:32:06.547 I/ActivityManager( 1592): START u0 {act=android.intent.action.MAIN cat=[android.intent.category.LAUNCHER] flg=0x10200000 cmp=com.evancharlton.mileage/.Mileage} from uid 10141 on display 0
12-09 08:32:06.821 W/art     ( 1592): Long monitor contention event with owner method=int com.android.server.wm.WindowManagerService.relayoutWindow(com.android.server.wm.Session, android.view.IWindow, int, android.view.WindowManager$LayoutParams, int, int, int, int, android.graphics.Rect, android.graphics.Rect, android.graphics.Rect, android.graphics.Rect, android.graphics.Rect, android.graphics.Rect, android.content.res.Configuration, android.view.Surface) from WindowManagerService.java:3103 waiters=0 for 207ms
12-09 08:32:06.840 W/art     ( 1592): Long monitor contention event with owner method=int com.android.server.am.ActivityStackSupervisor.startActivityMayWait(android.app.IApplicationThread, int, java.lang.String, android.content.Intent, java.lang.String, android.service.voice.IVoiceInteractionSession, com.android.internal.app.IVoiceInteractor, android.os.IBinder, java.lang.String, int, int, android.app.ProfilerInfo, android.app.IActivityManager$WaitResult, android.content.res.Configuration, android.os.Bundle, boolean, int, android.app.IActivityContainer, com.android.server.am.TaskRecord) from ActivityStackSupervisor.java:946 waiters=0 for 227ms
12-09 08:32:06.872 I/calabash(18972): newActivity1
12-09 08:32:06.876 D/gralloc_ranchu( 1219): gralloc_alloc: Creating ashmem region of size 3686400
12-09 08:32:06.931 I/calabash(18972): newActivity1
12-09 08:32:06.936 W/ActivityManager( 1592): Bad activity token: android.os.BinderProxy@de32d44
12-09 08:32:06.936 W/ActivityManager( 1592): java.lang.ClassCastException: android.os.BinderProxy cannot be cast to com.android.server.am.ActivityRecord$Token
12-09 08:32:06.936 W/ActivityManager( 1592): 	at com.android.server.am.ActivityRecord.forTokenLocked(ActivityRecord.java:424)
12-09 08:32:06.936 W/ActivityManager( 1592): 	at com.android.server.am.ActivityRecord.isInStackLocked(ActivityRecord.java:1121)
12-09 08:32:06.936 W/ActivityManager( 1592): 	at com.android.server.am.ActivityRecord.getStackLocked(ActivityRecord.java:1126)
12-09 08:32:06.936 W/ActivityManager( 1592): 	at com.android.server.am.ActivityManagerService.getActivityDisplayId(ActivityManagerService.java:8889)
12-09 08:32:06.936 W/ActivityManager( 1592): 	at android.app.ActivityManagerNative.onTransact(ActivityManagerNative.java:2338)
12-09 08:32:06.936 W/ActivityManager( 1592): 	at com.android.server.am.ActivityManagerService.onTransact(ActivityManagerService.java:2443)
12-09 08:32:06.936 W/ActivityManager( 1592): 	at android.os.Binder.execTransact(Binder.java:453)
12-09 08:32:06.964 W/ActivityManager( 1592): Bad activity token: android.os.BinderProxy@de32d44
12-09 08:32:06.964 W/ActivityManager( 1592): java.lang.ClassCastException: android.os.BinderProxy cannot be cast to com.android.server.am.ActivityRecord$Token
12-09 08:32:06.964 W/ActivityManager( 1592): 	at com.android.server.am.ActivityRecord.forTokenLocked(ActivityRecord.java:424)
12-09 08:32:06.964 W/ActivityManager( 1592): 	at com.android.server.am.ActivityRecord.isInStackLocked(ActivityRecord.java:1121)
12-09 08:32:06.964 W/ActivityManager( 1592): 	at com.android.server.am.ActivityManagerService.setTaskDescription(ActivityManagerService.java:8547)
12-09 08:32:06.964 W/ActivityManager( 1592): 	at android.app.ActivityManagerNative.onTransact(ActivityManagerNative.java:2410)
12-09 08:32:06.964 W/ActivityManager( 1592): 	at com.android.server.am.ActivityManagerService.onTransact(ActivityManagerService.java:2443)
12-09 08:32:06.964 W/ActivityManager( 1592): 	at android.os.Binder.execTransact(Binder.java:453)
12-09 08:32:07.095 W/art     (18972): Suspending all threads took: 27.210ms
12-09 08:32:07.103 V/PhoneStatusBar( 1693): setLightsOn(true)
12-09 08:32:07.114 I/art     (18972): Background sticky concurrent mark sweep GC freed 166(25KB) AllocSpace objects, 0(0B) LOS objects, 6% free, 1722KB/1832KB, paused 28.349ms total 60.084ms
12-09 08:32:07.211 D/EGL_emulation( 1938): eglMakeCurrent: 0x7eff64234dc0: ver 2 0 (tinfo 0x7eff64202ae0)
12-09 08:32:07.228 E/Surface ( 1938): getSlotFromBufferLocked: unknown buffer: 0x7eff6080c740
12-09 08:32:07.231 I/art     (18972): Background partial concurrent mark sweep GC freed 1825(156KB) AllocSpace objects, 2(40KB) LOS objects, 40% free, 1652KB/2MB, paused 13.184ms total 105.125ms
12-09 08:32:07.304 W/ActivityManager( 1592): Bad activity token: android.os.BinderProxy@de32d44
12-09 08:32:07.304 W/ActivityManager( 1592): java.lang.ClassCastException: android.os.BinderProxy cannot be cast to com.android.server.am.ActivityRecord$Token
12-09 08:32:07.304 W/ActivityManager( 1592): 	at com.android.server.am.ActivityRecord.forTokenLocked(ActivityRecord.java:424)
12-09 08:32:07.304 W/ActivityManager( 1592): 	at com.android.server.am.ActivityRecord.isInStackLocked(ActivityRecord.java:1121)
12-09 08:32:07.304 W/ActivityManager( 1592): 	at com.android.server.am.ActivityManagerService.getActivityOptions(ActivityManagerService.java:11038)
12-09 08:32:07.304 W/ActivityManager( 1592): 	at android.app.ActivityManagerNative.onTransact(ActivityManagerNative.java:1734)
12-09 08:32:07.304 W/ActivityManager( 1592): 	at com.android.server.am.ActivityManagerService.onTransact(ActivityManagerService.java:2443)
12-09 08:32:07.304 W/ActivityManager( 1592): 	at android.os.Binder.execTransact(Binder.java:453)
12-09 08:32:07.307 W/ActivityManager( 1592): Bad activity token: android.os.BinderProxy@de32d44
12-09 08:32:07.307 W/ActivityManager( 1592): java.lang.ClassCastException: android.os.BinderProxy cannot be cast to com.android.server.am.ActivityRecord$Token
12-09 08:32:07.307 W/ActivityManager( 1592): 	at com.android.server.am.ActivityRecord.forTokenLocked(ActivityRecord.java:424)
12-09 08:32:07.307 W/ActivityManager( 1592): 	at com.android.server.am.ActivityRecord.isInStackLocked(ActivityRecord.java:1121)
12-09 08:32:07.307 W/ActivityManager( 1592): 	at com.android.server.am.ActivityManagerService.getActivityOptions(ActivityManagerService.java:11038)
12-09 08:32:07.307 W/ActivityManager( 1592): 	at android.app.ActivityManagerNative.onTransact(ActivityManagerNative.java:1734)
12-09 08:32:07.307 W/ActivityManager( 1592): 	at com.android.server.am.ActivityManagerService.onTransact(ActivityManagerService.java:2443)
12-09 08:32:07.307 W/ActivityManager( 1592): 	at android.os.Binder.execTransact(Binder.java:453)
12-09 08:32:08.137 I/Choreographer(18972): Skipped 40 frames!  The application may be doing too much work on its main thread.
12-09 08:32:08.137 D/gralloc_ranchu( 1219): gralloc_alloc: Creating ashmem region of size 3686400
12-09 08:32:08.165 D/        (18972): HostConnection::get() New Host Connection established 0x7eff60933ec0, tid 18972
12-09 08:32:08.214 I/ActivityManager( 1592): Displayed com.evancharlton.mileage/.Mileage: +1s373ms
12-09 08:32:08.241 D/gralloc_ranchu( 1219): gralloc_alloc: Creating ashmem region of size 3686400
12-09 08:32:08.668 W/art     ( 1592): Long monitor contention event with owner method=void com.android.server.wm.WindowAnimator$1.doFrame(long) from WindowAnimator.java:121 waiters=0 for 116ms
12-09 08:32:08.780 D/gralloc_ranchu( 1219): gralloc_alloc: Creating ashmem region of size 3686400
12-09 08:32:09.403 I/art     (18972): Background sticky concurrent mark sweep GC freed 14087(769KB) AllocSpace objects, 1(20KB) LOS objects, 29% free, 1934KB/2MB, paused 984us total 119.945ms
12-09 08:32:09.415 I/System.out(18972): URI: //map
12-09 08:32:09.415 I/System.out(18972): params: {json={"query":"android.widget.CheckBox index:0","operation":{"method_name":"query","arguments":[]}}
12-09 08:32:09.415 I/System.out(18972): }
12-09 08:32:09.643 I/art     (18972): Background partial concurrent mark sweep GC freed 24885(1291KB) AllocSpace objects, 1(20KB) LOS objects, 39% free, 2MB/3MB, paused 919us total 115.884ms
12-09 08:32:09.676 I/System.out(18972): URI: //gesture
12-09 08:32:09.676 I/System.out(18972): params: {json={"query_timeout":5.0,"gestures":[{"query_string":"android.widget.CheckBox index:0","touches":[{"x":50,"y":50,"offset_x":0,"offset_y":0,"wait":0.0,"time":0.2,"release":true,"query_string":null}]}]}
12-09 08:32:09.676 I/System.out(18972): }
12-09 08:32:10.047 W/audio_hw_generic( 1308): Hardware backing HAL too slow, could only write 0 of 661 frames
12-09 08:32:10.099 W/audio_hw_generic( 1308): Hardware backing HAL too slow, could only write 0 of 661 frames
12-09 08:32:10.107 W/audio_hw_generic( 1308): Hardware backing HAL too slow, could only write 0 of 661 frames
12-09 08:32:10.121 W/audio_hw_generic( 1308): Hardware backing HAL too slow, could only write 0 of 661 frames
12-09 08:32:10.135 W/audio_hw_generic( 1308): Hardware backing HAL too slow, could only write 0 of 661 frames
12-09 08:32:10.246 W/audio_hw_generic( 1308): Not supplying enough data to HAL, expected position 40709880 , only wrote 40708346
12-09 08:32:10.246 W/audio_hw_generic( 1308): Not supplying enough data to HAL, expected position 40708352 , only wrote 40708346
12-09 08:32:10.275 W/audio_hw_generic( 1308): Not supplying enough data to HAL, expected position 40709603 , only wrote 40709007
12-09 08:32:10.488 E/SurfaceFlinger( 1219): ro.sf.lcd_density must be defined as a build property
12-09 08:32:10.489 D/gralloc_ranchu( 1219): gralloc_alloc: Creating ashmem region of size 3686400
12-09 08:32:10.525 D/        (18999): HostConnection::get() New Host Connection established 0x7fbc3fb92480, tid 18999
12-09 08:32:10.571 E/EGL_emulation( 1219): tid 1219: eglCreateSyncKHR(1881): error 0x3004 (EGL_BAD_ATTRIBUTE)
12-09 08:32:10.651 W/audio_hw_generic( 1308): Not supplying enough data to HAL, expected position 40725610 , only wrote 40725532
12-09 08:32:10.916 W/audio_hw_generic( 1308): Not supplying enough data to HAL, expected position 40737232 , only wrote 40736769
12-09 08:32:10.916 W/audio_hw_generic( 1308): Not supplying enough data to HAL, expected position 40736775 , only wrote 40736769
12-09 08:32:11.212 I/System.out(18972): URI: //map
12-09 08:32:11.212 I/System.out(18972): params: {json={"query":"android.widget.CheckBox index:0","operation":{"method_name":"query","arguments":[]}}
12-09 08:32:11.212 I/System.out(18972): }
12-09 08:32:11.334 I/System.out(18972): URI: //gesture
12-09 08:32:11.334 I/System.out(18972): params: {json={"query_timeout":5.0,"gestures":[{"query_string":"android.widget.CheckBox index:0","touches":[{"x":50,"y":50,"offset_x":0,"offset_y":0,"wait":0.0,"time":0.2,"release":true,"query_string":null}]}]}
12-09 08:32:11.334 I/System.out(18972): }
12-09 08:32:11.361 I/art     (18972): Background sticky concurrent mark sweep GC freed 48523(2MB) AllocSpace objects, 3(60KB) LOS objects, 14% free, 3MB/3MB, paused 975us total 125.316ms
12-09 08:32:11.466 W/audio_hw_generic( 1308): Not supplying enough data to HAL, expected position 40761020 , only wrote 40759243
12-09 08:32:11.467 W/audio_hw_generic( 1308): Not supplying enough data to HAL, expected position 40759249 , only wrote 40759243
12-09 08:32:11.523 W/audio_hw_generic( 1308): Not supplying enough data to HAL, expected position 40761739 , only wrote 40759904
12-09 08:32:11.559 W/audio_hw_generic( 1308): Not supplying enough data to HAL, expected position 40761489 , only wrote 40761226
12-09 08:32:11.623 W/audio_hw_generic( 1308): Not supplying enough data to HAL, expected position 40764046 , only wrote 40763870
12-09 08:32:11.623 W/audio_hw_generic( 1308): Not supplying enough data to HAL, expected position 40763876 , only wrote 40763870
12-09 08:32:11.640 W/audio_hw_generic( 1308): Not supplying enough data to HAL, expected position 40764617 , only wrote 40764531
12-09 08:32:11.741 W/audio_hw_generic( 1308): Not supplying enough data to HAL, expected position 40768995 , only wrote 40767836
12-09 08:32:11.742 W/audio_hw_generic( 1308): Not supplying enough data to HAL, expected position 40767842 , only wrote 40767836
12-09 08:32:11.759 W/audio_hw_generic( 1308): Not supplying enough data to HAL, expected position 40768610 , only wrote 40768497
12-09 08:32:11.823 W/audio_hw_generic( 1308): Not supplying enough data to HAL, expected position 40771333 , only wrote 40771141
12-09 08:32:11.844 W/audio_hw_generic( 1308): Not supplying enough data to HAL, expected position 40772045 , only wrote 40771802
12-09 08:32:11.871 D/AudioFlinger( 1308): mixer(0xf4380000) throttle end: throttle time(11)
12-09 08:32:11.887 D/hwcomposer( 1219): hw_composer sent 430 syncs in 61s
12-09 08:32:12.063 W/audio_hw_generic( 1308): Not supplying enough data to HAL, expected position 40781456 , only wrote 40777090
12-09 08:32:12.087 W/audio_hw_generic( 1308): Not supplying enough data to HAL, expected position 40778158 , only wrote 40777751
12-09 08:32:12.119 W/audio_hw_generic( 1308): Not supplying enough data to HAL, expected position 40779169 , only wrote 40777751
12-09 08:32:12.151 W/audio_hw_generic( 1308): Not supplying enough data to HAL, expected position 40779157 , only wrote 40778412
12-09 08:32:12.151 W/audio_hw_generic( 1308): Not supplying enough data to HAL, expected position 40778418 , only wrote 40778412
12-09 08:32:12.187 W/audio_hw_generic( 1308): Hardware backing HAL too slow, could only write 0 of 661 frames
12-09 08:32:12.203 W/audio_hw_generic( 1308): Hardware backing HAL too slow, could only write 0 of 661 frames
12-09 08:32:12.321 E/SurfaceFlinger( 1219): ro.sf.lcd_density must be defined as a build property
12-09 08:32:12.322 D/gralloc_ranchu( 1219): gralloc_alloc: Creating ashmem region of size 3686400
12-09 08:32:12.360 D/        (19005): HostConnection::get() New Host Connection established 0x7f1518ad2480, tid 19005
12-09 08:32:12.368 W/audio_hw_generic( 1308): Not supplying enough data to HAL, expected position 40787987 , only wrote 40787666
12-09 08:32:12.369 W/audio_hw_generic( 1308): Not supplying enough data to HAL, expected position 40787672 , only wrote 40787666
12-09 08:32:12.379 E/EGL_emulation( 1219): tid 1219: eglCreateSyncKHR(1881): error 0x3004 (EGL_BAD_ATTRIBUTE)
12-09 08:32:12.472 W/audio_hw_generic( 1308): Not supplying enough data to HAL, expected position 40792214 , only wrote 40790971
12-09 08:32:12.472 W/audio_hw_generic( 1308): Not supplying enough data to HAL, expected position 40790979 , only wrote 40790971
12-09 08:32:12.544 W/audio_hw_generic( 1308): Not supplying enough data to HAL, expected position 40794132 , only wrote 40791632
