--------- beginning of main
12-09 08:11:23.171 E/EGL_emulation( 1224): tid 1224: eglCreateSyncKHR(1881): error 0x3004 (EGL_BAD_ATTRIBUTE)
--------- beginning of system
12-09 08:11:23.455 W/ActivityManager( 1592): Finishing task with all activities already finished
12-09 08:11:23.455 W/ActivityManager( 1592): Duplicate finish request for ActivityRecord{80ffdf3 u0 com.evancharlton.mileage/.Mileage t434 f}
12-09 08:11:23.455 W/ActivityManager( 1592): Finishing task with all activities already finished
12-09 08:11:23.455 W/ActivityManager( 1592): Duplicate finish request for ActivityRecord{80ffdf3 u0 com.evancharlton.mileage/.Mileage t434 f}
12-09 08:11:23.455 W/ActivityManager( 1592): Finishing task with all activities already finished
12-09 08:11:23.456 W/ActivityManager( 1592): Duplicate finish request for ActivityRecord{80ffdf3 u0 com.evancharlton.mileage/.Mileage t434 f}
12-09 08:11:23.507 I/art     ( 1592): Background partial concurrent mark sweep GC freed 10491(748KB) AllocSpace objects, 6(116KB) LOS objects, 29% free, 9MB/13MB, paused 1.260ms total 217.236ms
12-09 08:11:23.664 D/EGL_emulation( 1943): eglMakeCurrent: 0x7f40ac474dc0: ver 2 0 (tinfo 0x7f40ac442ce0)
12-09 08:11:24.028 D/AndroidRuntime(14210): >>>>>> START com.android.internal.os.RuntimeInit uid 0 <<<<<<
12-09 08:11:24.057 D/AndroidRuntime(14210): CheckJNI is ON
12-09 08:11:24.076 W/art     ( 1592): Long monitor contention event with owner method=void com.android.server.wm.WindowAnimator$1.doFrame(long) from WindowAnimator.java:121 waiters=0 for 126ms
12-09 08:11:24.088 D/ICU     (14210): No timezone override file found: /data/misc/zoneinfo/current/icu/icu_tzdata.dat
12-09 08:11:24.233 E/memtrack(14210): Couldn't load memtrack module (No such file or directory)
12-09 08:11:24.233 E/android.os.Debug(14210): failed to load memtrack module: -2
12-09 08:11:24.234 I/Radio-JNI(14210): register_android_hardware_Radio DONE
12-09 08:11:24.265 D/AndroidRuntime(14210): Calling main entry com.android.commands.am.Am
12-09 08:11:24.315 I/ActivityManager( 1592): Force stopping com.evancharlton.mileage appid=10133 user=0: start instr
12-09 08:11:24.315 I/ActivityManager( 1592): Killing 14146:com.evancharlton.mileage/u0a133 (adj 0): stop com.evancharlton.mileage
12-09 08:11:24.371 W/art     ( 1592): Long monitor contention event with owner method=void com.android.server.wm.WindowAnimator$1.doFrame(long) from WindowAnimator.java:121 waiters=0 for 161ms
12-09 08:11:24.438 W/ActivityManager( 1592): Crash of app com.evancharlton.mileage running instrumentation ComponentInfo{com.evancharlton.mileage.test/sh.calaba.instrumentationbackend.CalabashInstrumentationTestRunner}
12-09 08:11:24.438 I/ActivityManager( 1592): Force stopping com.evancharlton.mileage appid=10133 user=0: finished inst
12-09 08:11:24.491 W/art     ( 1592): Long monitor contention event with owner method=void com.android.server.wm.WindowAnimator$1.doFrame(long) from WindowAnimator.java:121 waiters=0 for 120ms
12-09 08:11:24.746 W/art     ( 1592): Long monitor contention event with owner method=void com.android.server.wm.WindowAnimator$1.doFrame(long) from WindowAnimator.java:121 waiters=2 for 307ms
12-09 08:11:24.822 W/art     ( 1592): Long monitor contention event with owner method=void com.android.server.wm.WindowAnimator$1.doFrame(long) from WindowAnimator.java:121 waiters=2 for 330ms
12-09 08:11:25.226 W/art     ( 1592): Long monitor contention event with owner method=void com.android.server.wm.WindowAnimator$1.doFrame(long) from WindowAnimator.java:121 waiters=2 for 301ms
12-09 08:11:25.441 W/art     ( 1592): Long monitor contention event with owner method=void com.android.server.wm.WindowAnimator$1.doFrame(long) from WindowAnimator.java:121 waiters=2 for 215ms
12-09 08:11:25.441 I/WindowState( 1592): WIN DEATH: Window{43c9861 u0 com.evancharlton.mileage/com.evancharlton.mileage.Mileage EXITING}
12-09 08:11:25.453 W/art     ( 1592): Long monitor contention event with owner method=com.android.internal.view.InputBindResult com.android.server.InputMethodManagerService.windowGainedFocus(com.android.internal.view.IInputMethodClient, android.os.IBinder, int, int, int, android.view.inputmethod.EditorInfo, com.android.internal.view.IInputContext) from InputMethodManagerService.java:2177 waiters=0 for 1.625s
12-09 08:11:25.478 I/Choreographer( 1943): Skipped 100 frames!  The application may be doing too much work on its main thread.
12-09 08:11:25.480 W/art     ( 1592): Long monitor contention event with owner method=com.android.internal.view.InputBindResult com.android.server.InputMethodManagerService.windowGainedFocus(com.android.internal.view.IInputMethodClient, android.os.IBinder, int, int, int, android.view.inputmethod.EditorInfo, com.android.internal.view.IInputContext) from InputMethodManagerService.java:2177 waiters=1 for 1.042s
12-09 08:11:25.541 I/ActivityManager( 1592): Start proc 14219:com.evancharlton.mileage/u0a133 for added application com.evancharlton.mileage
12-09 08:11:25.545 W/art     ( 1592): Long monitor contention event with owner method=boolean com.android.server.am.ActivityManagerService.startInstrumentation(android.content.ComponentName, java.lang.String, int, android.os.Bundle, android.app.IInstrumentationWatcher, android.app.IUiAutomationConnection, int, java.lang.String) from ActivityManagerService.java:17066 waiters=0 for 1.196s
12-09 08:11:25.545 D/AndroidRuntime(14210): Shutting down VM
12-09 08:11:25.547 W/art     ( 1592): Long monitor contention event with owner method=boolean com.android.server.am.ActivityManagerService.startInstrumentation(android.content.ComponentName, java.lang.String, int, android.os.Bundle, android.app.IInstrumentationWatcher, android.app.IUiAutomationConnection, int, java.lang.String) from ActivityManagerService.java:17066 waiters=2 for 1.024s
12-09 08:11:25.555 W/art     ( 1592): Long monitor contention event with owner method=boolean com.android.server.am.ActivityManagerService.startInstrumentation(android.content.ComponentName, java.lang.String, int, android.os.Bundle, android.app.IInstrumentationWatcher, android.app.IUiAutomationConnection, int, java.lang.String) from ActivityManagerService.java:17066 waiters=1 for 1.117s
12-09 08:11:25.578 D/EGL_emulation( 1854): eglMakeCurrent: 0x7f40a89d1740: ver 2 0 (tinfo 0x7f40a8bbe940)
12-09 08:11:25.614 E/Surface ( 1854): getSlotFromBufferLocked: unknown buffer: 0x7f40aa3c5280
12-09 08:11:25.633 W/System  (14219): ClassLoader referenced unknown path: /data/app/com.evancharlton.mileage.test-1/lib/x86_64
12-09 08:11:25.633 W/System  (14219): ClassLoader referenced unknown path: /data/app/com.evancharlton.mileage-1/lib/x86_64
12-09 08:11:25.828 W/art     ( 1592): Long monitor contention event with owner method=void com.android.server.wm.WindowAnimator$1.doFrame(long) from WindowAnimator.java:121 waiters=1 for 165ms
12-09 08:11:26.131 W/art     ( 1592): Long monitor contention event with owner method=void com.android.server.wm.WindowAnimator$1.doFrame(long) from WindowAnimator.java:121 waiters=2 for 249ms
12-09 08:11:26.234 W/art     ( 1592): Long monitor contention event with owner method=void com.android.server.wm.WindowAnimator$1.doFrame(long) from WindowAnimator.java:121 waiters=2 for 266ms
12-09 08:11:26.326 W/art     ( 1592): Long monitor contention event with owner method=void com.android.server.wm.WindowAnimator$1.doFrame(long) from WindowAnimator.java:121 waiters=2 for 296ms
12-09 08:11:26.458 W/art     ( 1592): Long monitor contention event with owner method=void com.android.server.wm.WindowAnimator$1.doFrame(long) from WindowAnimator.java:121 waiters=2 for 326ms
12-09 08:11:26.459 W/art     ( 1592): Long monitor contention event with owner method=void com.android.server.wm.WindowAnimator$1.doFrame(long) from WindowAnimator.java:121 waiters=2 for 225ms
12-09 08:11:26.460 W/art     ( 1592): Long monitor contention event with owner method=java.util.List com.android.server.am.ActivityManagerService.getAllStackInfos() from ActivityManagerService.java:8937 waiters=0 for 845ms
12-09 08:11:26.481 W/art     ( 1592): Long monitor contention event with owner method=java.util.List com.android.server.am.ActivityManagerService.getAllStackInfos() from ActivityManagerService.java:8937 waiters=2 for 831ms
12-09 08:11:26.482 I/Choreographer( 1943): Skipped 58 frames!  The application may be doing too much work on its main thread.
12-09 08:11:26.489 W/art     ( 1592): Long monitor contention event with owner method=java.util.List com.android.server.am.ActivityManagerService.getAllStackInfos() from ActivityManagerService.java:8937 waiters=1 for 858ms
12-09 08:11:26.578 W/OpenGLRenderer( 1943): Incorrectly called buildLayer on View: ShortcutAndWidgetContainer, destroying layer...
12-09 08:11:26.592 I/System.out(14219): Main activity name automatically set to: com.evancharlton.mileage.Mileage
12-09 08:11:26.604 I/System.out(14219): Calabash did not load Mono. This is only a problem if you are trying to test a Mono application
12-09 08:11:26.604 I/calabash(14219): Test server port: 7102
12-09 08:11:26.613 I/InstrumentationBackend(14219): Added:'GetPreferences', with key:'get_preferences'
12-09 08:11:26.792 I/InstrumentationBackend(14219): Added:'SetPreferences', with key:'set_preferences'
12-09 08:11:26.792 I/InstrumentationBackend(14219): Added:'ClearPreferences', with key:'clear_preferences'
12-09 08:11:26.793 I/InstrumentationBackend(14219): Added:'PressElement', with key:'press_l10n_element'
12-09 08:11:26.796 I/InstrumentationBackend(14219): Added:'WaitForElement', with key:'wait_for_l10n_element'
12-09 08:11:26.797 I/InstrumentationBackend(14219): Added:'NullAction', with key:'nullAction'
12-09 08:11:26.797 I/InstrumentationBackend(14219): Added:'PressKey', with key:'press_key'
12-09 08:11:26.797 I/InstrumentationBackend(14219): Added:'SetActivityOrientation', with key:'set_activity_orientation'
12-09 08:11:26.797 I/InstrumentationBackend(14219): Added:'GetActivityOrientation', with key:'get_activity_orientation'
12-09 08:11:26.798 I/InstrumentationBackend(14219): Added:'FakeGPSLocation', with key:'set_gps_coordinates'
12-09 08:11:26.798 I/InstrumentationBackend(14219): Added:'SetPropertyByCssSelector', with key:'set_property_by_css_selector'
12-09 08:11:26.798 I/InstrumentationBackend(14219): Added:'GetUrl', with key:'get_url'
12-09 08:11:26.799 I/InstrumentationBackend(14219): Added:'ScrollTo', with key:'scroll_to'
12-09 08:11:26.799 I/InstrumentationBackend(14219): Added:'GetLoadProgress', with key:'get_load_progress'
12-09 08:11:26.799 I/InstrumentationBackend(14219): Added:'DumpHtml', with key:'dump_html'
12-09 08:11:26.799 I/InstrumentationBackend(14219): Added:'DumpBodyHtml', with key:'dump_body_html'
12-09 08:11:26.799 I/InstrumentationBackend(14219): Added:'EnterTextByCssSelector', with key:'enter_text_by_selector'
12-09 08:11:26.800 I/InstrumentationBackend(14219): Added:'AndroidSDKVersion', with key:'android_sdk_version'
12-09 08:11:26.801 I/InstrumentationBackend(14219): Added:'Version', with key:'version'
12-09 08:11:26.816 I/InstrumentationBackend(14219): Added:'Drag', with key:'drag'
12-09 08:11:26.816 I/InstrumentationBackend(14219): Added:'TouchCoordinates', with key:'touch_coordinate'
12-09 08:11:26.816 I/InstrumentationBackend(14219): Added:'LongPressCoordinate', with key:'long_press_coordinate'
12-09 08:11:26.829 I/InstrumentationBackend(14219): Added:'DragCoordinates', with key:'drag_coordinates'
12-09 08:11:26.830 I/InstrumentationBackend(14219): Added:'ResumeApplication', with key:'resume_application'
12-09 08:11:26.830 I/InstrumentationBackend(14219): Added:'Swipe', with key:'swipe'
12-09 08:11:26.830 I/InstrumentationBackend(14219): Added:'DoubleTapCoordinate', with key:'double_tap_coordinate'
12-09 08:11:26.830 I/InstrumentationBackend(14219): Added:'ClickOnScreen', with key:'click_on_screen'
12-09 08:11:26.830 I/InstrumentationBackend(14219): Added:'GetActivityName', with key:'get_activity_name'
12-09 08:11:26.830 I/InstrumentationBackend(14219): Added:'ScrollToView', with key:'scroll_to_view'
12-09 08:11:26.831 I/InstrumentationBackend(14219): Added:'ViewConfiguration', with key:'view_configuration'
12-09 08:11:26.831 I/InstrumentationBackend(14219): Added:'IsCurrentActivityFocused', with key:'is_current_activity_focused'
12-09 08:11:26.832 I/InstrumentationBackend(14219): Added:'SendTcp', with key:'send_tcp'
12-09 08:11:26.832 I/InstrumentationBackend(14219): Added:'DpToDevicePixel', with key:'dp_to_device_pixel'
12-09 08:11:26.833 I/InstrumentationBackend(14219): Added:'KeyboardEnterText', with key:'keyboard_enter_text'
12-09 08:11:26.833 I/InstrumentationBackend(14219): Added:'DeleteSurroundingText', with key:'delete_surrounding_text'
12-09 08:11:26.833 I/InstrumentationBackend(14219): Added:'SetComposingRegion', with key:'set_composing_region'
12-09 08:11:26.833 I/InstrumentationBackend(14219): Added:'SetSelection', with key:'set_selection'
12-09 08:11:26.833 I/InstrumentationBackend(14219): Added:'KeyboardKeyEvent', with key:'keyboard_key_event'
12-09 08:11:26.834 I/InstrumentationBackend(14219): Added:'PressUserActionButton', with key:'press_user_action_button'
12-09 08:11:26.834 I/InstrumentationBackend(14219): Added:'HideSoftKeyboard', with key:'hide_soft_keyboard'
12-09 08:11:26.834 I/InstrumentationBackend(14219): Added:'ListActions', with key:'list_actions'
12-09 08:11:26.862 I/art     (14219): Background sticky concurrent mark sweep GC freed 4215(382KB) AllocSpace objects, 0(0B) LOS objects, 17% free, 1067KB/1296KB, paused 1.145ms total 149.378ms
12-09 08:11:26.862 I/calabash(14219): Instantiating http server at 7102
12-09 08:11:26.863 I/System.out(14219): HTTP Daemon listening on: 7102
12-09 08:11:27.077 W/WindowAnimator( 1592): Failed to dispatch window animation state change.
12-09 08:11:27.077 W/WindowAnimator( 1592): android.os.DeadObjectException
12-09 08:11:27.077 W/WindowAnimator( 1592): 	at android.os.BinderProxy.transactNative(Native Method)
12-09 08:11:27.077 W/WindowAnimator( 1592): 	at android.os.BinderProxy.transact(Binder.java:503)
12-09 08:11:27.077 W/WindowAnimator( 1592): 	at android.view.IWindow$Stub$Proxy.onAnimationStopped(IWindow.java:534)
12-09 08:11:27.077 W/WindowAnimator( 1592): 	at com.android.server.wm.WindowAnimator.updateWindowsLocked(WindowAnimator.java:286)
12-09 08:11:27.077 W/WindowAnimator( 1592): 	at com.android.server.wm.WindowAnimator.animateLocked(WindowAnimator.java:678)
12-09 08:11:27.077 W/WindowAnimator( 1592): 	at com.android.server.wm.WindowAnimator.-wrap0(WindowAnimator.java)
12-09 08:11:27.077 W/WindowAnimator( 1592): 	at com.android.server.wm.WindowAnimator$1.doFrame(WindowAnimator.java:123)
12-09 08:11:27.077 W/WindowAnimator( 1592): 	at android.view.Choreographer$CallbackRecord.run(Choreographer.java:856)
12-09 08:11:27.077 W/WindowAnimator( 1592): 	at android.view.Choreographer.doCallbacks(Choreographer.java:670)
12-09 08:11:27.077 W/WindowAnimator( 1592): 	at android.view.Choreographer.doFrame(Choreographer.java:603)
12-09 08:11:27.077 W/WindowAnimator( 1592): 	at android.view.Choreographer$FrameDisplayEventReceiver.run(Choreographer.java:844)
12-09 08:11:27.077 W/WindowAnimator( 1592): 	at android.os.Handler.handleCallback(Handler.java:739)
12-09 08:11:27.077 W/WindowAnimator( 1592): 	at android.os.Handler.dispatchMessage(Handler.java:95)
12-09 08:11:27.077 W/WindowAnimator( 1592): 	at android.os.Looper.loop(Looper.java:148)
12-09 08:11:27.077 W/WindowAnimator( 1592): 	at android.os.HandlerThread.run(HandlerThread.java:61)
12-09 08:11:27.077 W/WindowAnimator( 1592): 	at com.android.server.ServiceThread.run(ServiceThread.java:46)
12-09 08:11:27.158 I/System.out(14219): URI: //ping
12-09 08:11:27.159 I/System.out(14219): params: {json={}
12-09 08:11:27.159 I/System.out(14219): }
12-09 08:11:27.256 I/System.out(14219): URI: //ping
12-09 08:11:27.256 I/System.out(14219): params: {json={}
12-09 08:11:27.256 I/System.out(14219): }
12-09 08:11:27.284 I/System.out(14219): URI: //ready
12-09 08:11:27.284 I/System.out(14219): params: {json={}
12-09 08:11:27.285 I/System.out(14219): }
12-09 08:11:27.378 I/System.out(14219): URI: //
12-09 08:11:27.378 I/System.out(14219): params: {json={"command":"version","arguments":[]}
12-09 08:11:27.378 I/System.out(14219): }
12-09 08:11:27.378 I/System.out(14219): header: {date=Sun, 09 Dec 2018 08:11:27 GMT, accept=*/*, content-length=36, host=127.0.0.1:34777, user-agent=HTTPClient/1.0 (2.8.3, ruby 2.3.1 (2016-04-26)), content-type=application/json;charset=utf-8}
12-09 08:11:27.378 I/System.out(14219): params: {json={"command":"version","arguments":[]}
12-09 08:11:27.378 I/System.out(14219): }
12-09 08:11:27.378 I/System.out(14219): ProP json = {"command":"version","arguments":[]}
12-09 08:11:27.378 I/System.out(14219): files: {}
12-09 08:11:27.378 I/System.out(14219): command: {"command":"version","arguments":[]}
12-09 08:11:27.403 I/InstrumentationBackend(14219): Got command:'Command:'Line:null,version', arguments:'[]'
12-09 08:11:27.494 I/System.out(14219): result:{"bonusInformation":[],"message":"0.9.8","success":true}
12-09 08:11:27.540 I/art     (14219): Background sticky concurrent mark sweep GC freed 14149(778KB) AllocSpace objects, 11(220KB) LOS objects, 37% free, 1276KB/2MB, paused 6.787ms total 82.281ms
12-09 08:11:27.619 I/System.out(14219): URI: //start-application
12-09 08:11:27.619 I/System.out(14219): params: {json={"intent":null}
12-09 08:11:27.619 I/System.out(14219): }
12-09 08:11:27.710 I/ActivityManager( 1592): START u0 {act=android.intent.action.MAIN cat=[android.intent.category.LAUNCHER] flg=0x10200000 cmp=com.evancharlton.mileage/.Mileage} from uid 10133 on display 0
12-09 08:11:27.738 W/art     (14219): Suspending all threads took: 9.638ms
12-09 08:11:27.753 I/art     (14219): Background sticky concurrent mark sweep GC freed 17399(836KB) AllocSpace objects, 1(20KB) LOS objects, 30% free, 1429KB/2MB, paused 10.653ms total 69.734ms
12-09 08:11:27.796 I/calabash(14219): newActivity1
12-09 08:11:27.831 I/calabash(14219): newActivity1
12-09 08:11:27.832 W/ActivityManager( 1592): Bad activity token: android.os.BinderProxy@f09db41
12-09 08:11:27.832 W/ActivityManager( 1592): java.lang.ClassCastException: android.os.BinderProxy cannot be cast to com.android.server.am.ActivityRecord$Token
12-09 08:11:27.832 W/ActivityManager( 1592): 	at com.android.server.am.ActivityRecord.forTokenLocked(ActivityRecord.java:424)
12-09 08:11:27.832 W/ActivityManager( 1592): 	at com.android.server.am.ActivityRecord.isInStackLocked(ActivityRecord.java:1121)
12-09 08:11:27.832 W/ActivityManager( 1592): 	at com.android.server.am.ActivityRecord.getStackLocked(ActivityRecord.java:1126)
12-09 08:11:27.832 W/ActivityManager( 1592): 	at com.android.server.am.ActivityManagerService.getActivityDisplayId(ActivityManagerService.java:8889)
12-09 08:11:27.832 W/ActivityManager( 1592): 	at android.app.ActivityManagerNative.onTransact(ActivityManagerNative.java:2338)
12-09 08:11:27.832 W/ActivityManager( 1592): 	at com.android.server.am.ActivityManagerService.onTransact(ActivityManagerService.java:2443)
12-09 08:11:27.832 W/ActivityManager( 1592): 	at android.os.Binder.execTransact(Binder.java:453)
12-09 08:11:27.886 W/ActivityManager( 1592): Bad activity token: android.os.BinderProxy@f09db41
12-09 08:11:27.886 W/ActivityManager( 1592): java.lang.ClassCastException: android.os.BinderProxy cannot be cast to com.android.server.am.ActivityRecord$Token
12-09 08:11:27.886 W/ActivityManager( 1592): 	at com.android.server.am.ActivityRecord.forTokenLocked(ActivityRecord.java:424)
12-09 08:11:27.886 W/ActivityManager( 1592): 	at com.android.server.am.ActivityRecord.isInStackLocked(ActivityRecord.java:1121)
12-09 08:11:27.886 W/ActivityManager( 1592): 	at com.android.server.am.ActivityManagerService.setTaskDescription(ActivityManagerService.java:8547)
12-09 08:11:27.886 W/ActivityManager( 1592): 	at android.app.ActivityManagerNative.onTransact(ActivityManagerNative.java:2410)
12-09 08:11:27.886 W/ActivityManager( 1592): 	at com.android.server.am.ActivityManagerService.onTransact(ActivityManagerService.java:2443)
12-09 08:11:27.886 W/ActivityManager( 1592): 	at android.os.Binder.execTransact(Binder.java:453)
12-09 08:11:27.983 D/gralloc_ranchu( 1224): gralloc_alloc: Creating ashmem region of size 3686400
12-09 08:11:28.125 W/ActivityManager( 1592): Bad activity token: android.os.BinderProxy@f09db41
12-09 08:11:28.125 W/ActivityManager( 1592): java.lang.ClassCastException: android.os.BinderProxy cannot be cast to com.android.server.am.ActivityRecord$Token
12-09 08:11:28.125 W/ActivityManager( 1592): 	at com.android.server.am.ActivityRecord.forTokenLocked(ActivityRecord.java:424)
12-09 08:11:28.125 W/ActivityManager( 1592): 	at com.android.server.am.ActivityRecord.isInStackLocked(ActivityRecord.java:1121)
12-09 08:11:28.125 W/ActivityManager( 1592): 	at com.android.server.am.ActivityManagerService.getActivityOptions(ActivityManagerService.java:11038)
12-09 08:11:28.125 W/ActivityManager( 1592): 	at android.app.ActivityManagerNative.onTransact(ActivityManagerNative.java:1734)
12-09 08:11:28.125 W/ActivityManager( 1592): 	at com.android.server.am.ActivityManagerService.onTransact(ActivityManagerService.java:2443)
12-09 08:11:28.125 W/ActivityManager( 1592): 	at android.os.Binder.execTransact(Binder.java:453)
12-09 08:11:28.125 W/ActivityManager( 1592): Bad activity token: android.os.BinderProxy@f09db41
12-09 08:11:28.125 W/ActivityManager( 1592): java.lang.ClassCastException: android.os.BinderProxy cannot be cast to com.android.server.am.ActivityRecord$Token
12-09 08:11:28.125 W/ActivityManager( 1592): 	at com.android.server.am.ActivityRecord.forTokenLocked(ActivityRecord.java:424)
12-09 08:11:28.125 W/ActivityManager( 1592): 	at com.android.server.am.ActivityRecord.isInStackLocked(ActivityRecord.java:1121)
12-09 08:11:28.125 W/ActivityManager( 1592): 	at com.android.server.am.ActivityManagerService.getActivityOptions(ActivityManagerService.java:11038)
12-09 08:11:28.125 W/ActivityManager( 1592): 	at android.app.ActivityManagerNative.onTransact(ActivityManagerNative.java:1734)
12-09 08:11:28.125 W/ActivityManager( 1592): 	at com.android.server.am.ActivityManagerService.onTransact(ActivityManagerService.java:2443)
12-09 08:11:28.125 W/ActivityManager( 1592): 	at android.os.Binder.execTransact(Binder.java:453)
12-09 08:11:28.171 I/art     (14219): Background sticky concurrent mark sweep GC freed 26(10KB) AllocSpace objects, 0(0B) LOS objects, 3% free, 1990KB/2MB, paused 14.161ms total 37.824ms
12-09 08:11:28.191 V/PhoneStatusBar( 2260): setLightsOn(true)
12-09 08:11:28.317 D/EGL_emulation( 1943): eglMakeCurrent: 0x7f40ac474dc0: ver 2 0 (tinfo 0x7f40ac442ce0)
12-09 08:11:28.319 E/Surface ( 1943): getSlotFromBufferLocked: unknown buffer: 0x7f40a89cd460
12-09 08:11:28.970 I/Choreographer(14219): Skipped 34 frames!  The application may be doing too much work on its main thread.
12-09 08:11:28.971 D/gralloc_ranchu( 1224): gralloc_alloc: Creating ashmem region of size 3686400
12-09 08:11:29.097 D/        (14219): HostConnection::get() New Host Connection established 0x7f40a8b741c0, tid 14219
12-09 08:11:29.183 I/ActivityManager( 1592): Displayed com.evancharlton.mileage/.Mileage: +1s392ms
12-09 08:11:29.331 W/art     ( 1592): Long monitor contention event with owner method=void com.android.server.wm.WindowAnimator$1.doFrame(long) from WindowAnimator.java:121 waiters=0 for 134ms
12-09 08:11:29.519 D/gralloc_ranchu( 1224): gralloc_alloc: Creating ashmem region of size 3686400
12-09 08:11:29.846 D/gralloc_ranchu( 1224): gralloc_alloc: Creating ashmem region of size 3686400
12-09 08:11:31.297 I/System.out(14219): URI: //map
12-09 08:11:31.298 I/System.out(14219): params: {json={"query":"android.widget.EditText id:'price'","operation":{"method_name":"query","arguments":[]}}
12-09 08:11:31.298 I/System.out(14219): }
12-09 08:11:31.410 I/art     (14219): Background sticky concurrent mark sweep GC freed 25786(1174KB) AllocSpace objects, 2(40KB) LOS objects, 24% free, 2MB/2MB, paused 1.508ms total 110.686ms
12-09 08:11:31.412 W/ResourceType(14219): No package identifier when getting name for resource number 0x00000001
12-09 08:11:31.492 I/System.out(14219): URI: //gesture
12-09 08:11:31.492 I/System.out(14219): params: {json={"query_timeout":5.0,"gestures":[{"query_string":"android.widget.EditText id:'price'","touches":[{"x":50,"y":50,"offset_x":0,"offset_y":0,"wait":0.0,"time":0.2,"release":true,"query_string":null}]}]}
12-09 08:11:31.492 I/System.out(14219): }
12-09 08:11:31.504 W/ResourceType(14219): No package identifier when getting name for resource number 0x00000001
12-09 08:11:31.890 I/LatinIME( 1854): Starting input. Cursor position = 0,0
12-09 08:11:32.293 I/art     (14219): Background partial concurrent mark sweep GC freed 15509(946KB) AllocSpace objects, 4(80KB) LOS objects, 40% free, 2MB/3MB, paused 13.515ms total 328.422ms
12-09 08:11:32.468 D/EGL_emulation( 1854): eglMakeCurrent: 0x7f40a89d1740: ver 2 0 (tinfo 0x7f40a8bbe940)
12-09 08:11:32.576 I/System.out(14219): URI: //
12-09 08:11:32.576 I/System.out(14219): params: {json={"command":"set_selection","arguments":[-1,-1]}
12-09 08:11:32.576 I/System.out(14219): }
12-09 08:11:32.576 I/System.out(14219): header: {date=Sun, 09 Dec 2018 08:11:33 GMT, accept=*/*, content-length=47, host=127.0.0.1:34777, user-agent=HTTPClient/1.0 (2.8.3, ruby 2.3.1 (2016-04-26)), content-type=application/json;charset=utf-8}
12-09 08:11:32.576 I/System.out(14219): params: {json={"command":"set_selection","arguments":[-1,-1]}
12-09 08:11:32.576 I/System.out(14219): }
12-09 08:11:32.576 I/System.out(14219): ProP json = {"command":"set_selection","arguments":[-1,-1]}
12-09 08:11:32.576 I/System.out(14219): files: {}
12-09 08:11:32.576 I/System.out(14219): command: {"command":"set_selection","arguments":[-1,-1]}
12-09 08:11:32.578 I/InstrumentationBackend(14219): Got command:'Command:'Line:null,set_selection', arguments:'[-1, -1]'
12-09 08:11:32.705 I/System.out(14219): result:{"bonusInformation":[],"message":"","success":true}
12-09 08:11:32.999 I/System.out(14219): URI: //
12-09 08:11:33.000 I/System.out(14219): params: {json={"command":"keyboard_enter_text","arguments":["000"]}
12-09 08:11:33.000 I/System.out(14219): }
12-09 08:11:33.000 I/System.out(14219): header: {date=Sun, 09 Dec 2018 08:11:33 GMT, accept=*/*, content-length=53, host=127.0.0.1:34777, user-agent=HTTPClient/1.0 (2.8.3, ruby 2.3.1 (2016-04-26)), content-type=application/json;charset=utf-8}
12-09 08:11:33.000 I/System.out(14219): params: {json={"command":"keyboard_enter_text","arguments":["000"]}
12-09 08:11:33.000 I/System.out(14219): }
12-09 08:11:33.000 I/System.out(14219): ProP json = {"command":"keyboard_enter_text","arguments":["000"]}
12-09 08:11:33.000 I/System.out(14219): files: {}
12-09 08:11:33.000 I/System.out(14219): command: {"command":"keyboard_enter_text","arguments":["000"]}
12-09 08:11:33.001 I/InstrumentationBackend(14219): Got command:'Command:'Line:null,keyboard_enter_text', arguments:'[000]'
12-09 08:11:33.002 E/SpannableStringBuilder(14219): SPAN_EXCLUSIVE_EXCLUSIVE spans cannot have a zero length
12-09 08:11:33.002 E/SpannableStringBuilder(14219): SPAN_EXCLUSIVE_EXCLUSIVE spans cannot have a zero length
12-09 08:11:33.371 E/SpannableStringBuilder(14219): SPAN_EXCLUSIVE_EXCLUSIVE spans cannot have a zero length
12-09 08:11:33.371 E/SpannableStringBuilder(14219): SPAN_EXCLUSIVE_EXCLUSIVE spans cannot have a zero length
12-09 08:11:33.404 I/System.out(14219): result:{"bonusInformation":[],"message":"","success":true}
12-09 08:11:33.523 I/System.out(14219): URI: //map
12-09 08:11:33.523 I/System.out(14219): params: {json={"query":"android.widget.Button index:2","operation":{"method_name":"query","arguments":[]}}
12-09 08:11:33.523 I/System.out(14219): }
12-09 08:11:33.822 I/art     (14219): Background sticky concurrent mark sweep GC freed 47043(2MB) AllocSpace objects, 2(40KB) LOS objects, 33% free, 2MB/3MB, paused 990us total 100.295ms
12-09 08:11:33.850 I/System.out(14219): URI: //gesture
12-09 08:11:33.850 I/System.out(14219): params: {json={"query_timeout":5.0,"gestures":[{"query_string":"android.widget.Button index:2","touches":[{"x":50,"y":50,"offset_x":0,"offset_y":0,"wait":0.0,"time":0.2,"release":true,"query_string":null}]}]}
12-09 08:11:33.850 I/System.out(14219): }
12-09 08:11:34.542 W/AudioTrack( 1592): AUDIO_OUTPUT_FLAG_FAST denied by client; transfer 4, track 48000 Hz, output 44100 Hz
12-09 08:11:34.621 W/audio_hw_generic( 1308): Hardware backing HAL too slow, could only write 0 of 661 frames
12-09 08:11:34.635 W/audio_hw_generic( 1308): Hardware backing HAL too slow, could only write 0 of 661 frames
12-09 08:11:34.676 I/art     (14219): Background sticky concurrent mark sweep GC freed 46420(2038KB) AllocSpace objects, 1(20KB) LOS objects, 25% free, 2MB/3MB, paused 1.350ms total 147.346ms
12-09 08:11:34.693 I/LatinIME( 1854): Starting input. Cursor position = 0,0
12-09 08:11:34.742 W/audio_hw_generic( 1308): Not supplying enough data to HAL, expected position 23675798 , only wrote 23675698
12-09 08:11:34.742 W/audio_hw_generic( 1308): Not supplying enough data to HAL, expected position 23675704 , only wrote 23675698
12-09 08:11:34.761 W/audio_hw_generic( 1308): Not supplying enough data to HAL, expected position 23676546 , only wrote 23676359
12-09 08:11:35.042 W/audio_hw_generic( 1308): Not supplying enough data to HAL, expected position 23688735 , only wrote 23686274
12-09 08:11:35.042 W/audio_hw_generic( 1308): Not supplying enough data to HAL, expected position 23686280 , only wrote 23686274
12-09 08:11:35.096 E/SurfaceFlinger( 1224): ro.sf.lcd_density must be defined as a build property
12-09 08:11:35.097 D/gralloc_ranchu( 1224): gralloc_alloc: Creating ashmem region of size 3686400
12-09 08:11:35.101 W/audio_hw_generic( 1308): Not supplying enough data to HAL, expected position 23688878 , only wrote 23686935
12-09 08:11:35.143 D/        (14254): HostConnection::get() New Host Connection established 0x7f1cf8152480, tid 14254
12-09 08:11:35.164 E/EGL_emulation( 1224): tid 1224: eglCreateSyncKHR(1881): error 0x3004 (EGL_BAD_ATTRIBUTE)
12-09 08:11:35.283 D/gralloc_ranchu( 1224): gralloc_alloc: Creating ashmem region of size 45056
12-09 08:11:35.285 W/audio_hw_generic( 1308): Not supplying enough data to HAL, expected position 23695046 , only wrote 23694867
12-09 08:11:35.285 W/audio_hw_generic( 1308): Not supplying enough data to HAL, expected position 23694873 , only wrote 23694867
12-09 08:11:35.302 W/audio_hw_generic( 1308): Not supplying enough data to HAL, expected position 23695617 , only wrote 23695528
12-09 08:11:35.364 W/audio_hw_generic( 1308): Hardware backing HAL too slow, could only write 0 of 661 frames
12-09 08:11:35.381 W/audio_hw_generic( 1308): Hardware backing HAL too slow, could only write 0 of 661 frames
12-09 08:11:35.395 W/audio_hw_generic( 1308): Hardware backing HAL too slow, could only write 0 of 661 frames
12-09 08:11:35.581 W/audio_hw_generic( 1308): Not supplying enough data to HAL, expected position 23707840 , only wrote 23707426
12-09 08:11:35.740 W/audio_hw_generic( 1308): Hardware backing HAL too slow, could only write 0 of 661 frames
12-09 08:11:35.792 W/art     ( 1592): Long monitor contention event with owner method=void com.android.server.wm.WindowAnimator$1.doFrame(long) from WindowAnimator.java:121 waiters=0 for 170ms
12-09 08:11:36.011 W/art     ( 1592): Long monitor contention event with owner method=void com.android.server.wm.WindowAnimator$1.doFrame(long) from WindowAnimator.java:121 waiters=0 for 219ms
12-09 08:11:36.159 W/audio_hw_generic( 1308): Not supplying enough data to HAL, expected position 23732885 , only wrote 23729900
12-09 08:11:36.159 W/audio_hw_generic( 1308): Not supplying enough data to HAL, expected position 23729907 , only wrote 23729900
12-09 08:11:36.162 I/System.out(14219): URI: //map
12-09 08:11:36.162 I/System.out(14219): params: {json={"query":"android.widget.EditText id:'volume'","operation":{"method_name":"query","arguments":[]}}
12-09 08:11:36.163 I/System.out(14219): }
12-09 08:11:36.177 W/audio_hw_generic( 1308): Not supplying enough data to HAL, expected position 23730701 , only wrote 23730561
12-09 08:11:36.192 W/audio_hw_generic( 1308): Hardware backing HAL too slow, could only write 0 of 661 frames
12-09 08:11:36.193 W/art     ( 1592): Long monitor contention event with owner method=void com.android.server.wm.WindowAnimator$1.doFrame(long) from WindowAnimator.java:121 waiters=0 for 182ms
12-09 08:11:36.209 W/audio_hw_generic( 1308): Hardware backing HAL too slow, could only write 0 of 661 frames
12-09 08:11:36.329 W/audio_hw_generic( 1308): Not supplying enough data to HAL, expected position 23737261 , only wrote 23737171
12-09 08:11:36.329 W/audio_hw_generic( 1308): Not supplying enough data to HAL, expected position 23737177 , only wrote 23737171
12-09 08:11:36.358 W/ResourceType(14219): No package identifier when getting name for resource number 0x00000001
12-09 08:11:36.361 W/audio_hw_generic( 1308): Not supplying enough data to HAL, expected position 23738556 , only wrote 23737832
12-09 08:11:36.426 I/Choreographer( 1854): Skipped 108 frames!  The application may be doing too much work on its main thread.
12-09 08:11:36.446 I/art     (14219): Background sticky concurrent mark sweep GC freed 28621(1248KB) AllocSpace objects, 2(40KB) LOS objects, 9% free, 3MB/3MB, paused 5.925ms total 69.027ms
12-09 08:11:36.561 W/audio_hw_generic( 1308): Not supplying enough data to HAL, expected position 23746693 , only wrote 23745764
12-09 08:11:36.587 I/System.out(14219): URI: //gesture
12-09 08:11:36.587 I/System.out(14219): params: {json={"query_timeout":5.0,"gestures":[{"query_string":"android.widget.EditText id:'volume'","touches":[{"x":50,"y":50,"offset_x":0,"offset_y":0,"wait":0.0,"time":0.2,"release":true,"query_string":null}]}]}
12-09 08:11:36.588 I/System.out(14219): }
12-09 08:11:36.645 W/audio_hw_generic( 1308): Not supplying enough data to HAL, expected position 23749456 , only wrote 23749069
12-09 08:11:36.645 W/audio_hw_generic( 1308): Not supplying enough data to HAL, expected position 23749075 , only wrote 23749069
12-09 08:11:36.662 W/ResourceType(14219): No package identifier when getting name for resource number 0x00000001
12-09 08:11:36.677 W/audio_hw_generic( 1308): Not supplying enough data to HAL, expected position 23750462 , only wrote 23749730
12-09 08:11:36.694 I/art     (14219): Background sticky concurrent mark sweep GC freed 17481(887KB) AllocSpace objects, 1(20KB) LOS objects, 4% free, 3MB/3MB, paused 994us total 231.648ms
12-09 08:11:36.743 W/audio_hw_generic( 1308): Hardware backing HAL too slow, could only write 0 of 661 frames
12-09 08:11:36.945 W/audio_hw_generic( 1308): Not supplying enough data to HAL, expected position 23761547 , only wrote 23760967
12-09 08:11:36.987 W/audio_hw_generic( 1308): Hardware backing HAL too slow, could only write 0 of 661 frames
12-09 08:11:37.005 W/audio_hw_generic( 1308): Hardware backing HAL too slow, could only write 0 of 661 frames
12-09 08:11:37.125 W/audio_hw_generic( 1308): Not supplying enough data to HAL, expected position 23768917 , only wrote 23768899
12-09 08:11:37.125 W/audio_hw_generic( 1308): Not supplying enough data to HAL, expected position 23768906 , only wrote 23768899
12-09 08:11:37.429 W/audio_hw_generic( 1308): Not supplying enough data to HAL, expected position 23782278 , only wrote 23779475
12-09 08:11:37.456 W/audio_hw_generic( 1308): Not supplying enough data to HAL, expected position 23780682 , only wrote 23779475
12-09 08:11:37.606 I/System.out(14219): URI: //
12-09 08:11:37.606 I/System.out(14219): params: {json={"command":"set_selection","arguments":[-1,-1]}
12-09 08:11:37.606 I/System.out(14219): }
12-09 08:11:37.606 I/System.out(14219): header: {date=Sun, 09 Dec 2018 08:11:38 GMT, accept=*/*, content-length=47, host=127.0.0.1:34777, user-agent=HTTPClient/1.0 (2.8.3, ruby 2.3.1 (2016-04-26)), content-type=application/json;charset=utf-8}
12-09 08:11:37.606 I/System.out(14219): params: {json={"command":"set_selection","arguments":[-1,-1]}
12-09 08:11:37.606 I/System.out(14219): }
12-09 08:11:37.606 I/System.out(14219): ProP json = {"command":"set_selection","arguments":[-1,-1]}
12-09 08:11:37.606 I/System.out(14219): files: {}
12-09 08:11:37.606 I/System.out(14219): command: {"command":"set_selection","arguments":[-1,-1]}
12-09 08:11:37.607 I/InstrumentationBackend(14219): Got command:'Command:'Line:null,set_selection', arguments:'[-1, -1]'
12-09 08:11:37.621 I/System.out(14219): result:{"bonusInformation":[],"message":"","success":true}
12-09 08:11:37.671 W/audio_hw_generic( 1308): Not supplying enough data to HAL, expected position 23788936 , only wrote 23788729
12-09 08:11:37.988 I/System.out(14219): URI: //
12-09 08:11:37.988 I/System.out(14219): params: {json={"command":"keyboard_enter_text","arguments":["000"]}
12-09 08:11:37.988 I/System.out(14219): }
12-09 08:11:37.988 I/System.out(14219): header: {date=Sun, 09 Dec 2018 08:11:38 GMT, accept=*/*, content-length=53, host=127.0.0.1:34777, user-agent=HTTPClient/1.0 (2.8.3, ruby 2.3.1 (2016-04-26)), content-type=application/json;charset=utf-8}
12-09 08:11:37.988 I/System.out(14219): params: {json={"command":"keyboard_enter_text","arguments":["000"]}
12-09 08:11:37.988 I/System.out(14219): }
12-09 08:11:37.988 I/System.out(14219): ProP json = {"command":"keyboard_enter_text","arguments":["000"]}
12-09 08:11:37.988 I/System.out(14219): files: {}
12-09 08:11:37.988 I/System.out(14219): command: {"command":"keyboard_enter_text","arguments":["000"]}
12-09 08:11:37.998 I/InstrumentationBackend(14219): Got command:'Command:'Line:null,keyboard_enter_text', arguments:'[000]'
12-09 08:11:38.001 E/SpannableStringBuilder(14219): SPAN_EXCLUSIVE_EXCLUSIVE spans cannot have a zero length
12-09 08:11:38.001 E/SpannableStringBuilder(14219): SPAN_EXCLUSIVE_EXCLUSIVE spans cannot have a zero length
12-09 08:11:38.013 E/SpannableStringBuilder(14219): SPAN_EXCLUSIVE_EXCLUSIVE spans cannot have a zero length
12-09 08:11:38.013 E/SpannableStringBuilder(14219): SPAN_EXCLUSIVE_EXCLUSIVE spans cannot have a zero length
12-09 08:11:38.114 I/System.out(14219): result:{"bonusInformation":[],"message":"","success":true}
12-09 08:11:38.250 I/System.out(14219): URI: //map
12-09 08:11:38.250 I/System.out(14219): params: {json={"query":"android.widget.Button index:2","operation":{"method_name":"query","arguments":[]}}
12-09 08:11:38.250 I/System.out(14219): }
12-09 08:11:38.290 W/art     (14219): Suspending all threads took: 17.023ms
12-09 08:11:38.345 I/art     (14219): Background sticky concurrent mark sweep GC freed 13354(594KB) AllocSpace objects, 2(40KB) LOS objects, 0% free, 3MB/3MB, paused 18.161ms total 90.131ms
12-09 08:11:38.429 I/art     (14219): Background partial concurrent mark sweep GC freed 39232(2MB) AllocSpace objects, 7(140KB) LOS objects, 39% free, 2MB/3MB, paused 9.308ms total 66.443ms
12-09 08:11:38.462 I/System.out(14219): URI: //gesture
12-09 08:11:38.462 I/System.out(14219): params: {json={"query_timeout":5.0,"gestures":[{"query_string":"android.widget.Button index:2","touches":[{"x":50,"y":50,"offset_x":0,"offset_y":0,"wait":0.0,"time":0.2,"release":true,"query_string":null}]}]}
12-09 08:11:38.462 I/System.out(14219): }
12-09 08:11:38.900 W/audio_hw_generic( 1308): Hardware backing HAL too slow, could only write 0 of 661 frames
12-09 08:11:38.915 W/audio_hw_generic( 1308): Hardware backing HAL too slow, could only write 0 of 661 frames
12-09 08:11:38.953 W/audio_hw_generic( 1308): Hardware backing HAL too slow, could only write 0 of 661 frames
12-09 08:11:38.969 W/audio_hw_generic( 1308): Hardware backing HAL too slow, could only write 0 of 661 frames
12-09 08:11:38.993 W/audio_hw_generic( 1308): Hardware backing HAL too slow, could only write 0 of 661 frames
12-09 08:11:38.993 W/audio_hw_generic( 1308): Hardware backing HAL too slow, could only write 0 of 661 frames
12-09 08:11:39.021 W/audio_hw_generic( 1308): Hardware backing HAL too slow, could only write 0 of 661 frames
12-09 08:11:39.037 W/audio_hw_generic( 1308): Hardware backing HAL too slow, could only write 0 of 661 frames
12-09 08:11:39.065 I/art     (14219): Background sticky concurrent mark sweep GC freed 47991(2MB) AllocSpace objects, 3(60KB) LOS objects, 38% free, 2MB/3MB, paused 1.032ms total 122.373ms
12-09 08:11:39.093 W/audio_hw_generic( 1308): Hardware backing HAL too slow, could only write 0 of 661 frames
12-09 08:11:39.093 W/audio_hw_generic( 1308): Not supplying enough data to HAL, expected position 23797251 , only wrote 23796661
12-09 08:11:39.093 W/audio_hw_generic( 1308): Not supplying enough data to HAL, expected position 23796666 , only wrote 23796661
12-09 08:11:39.095 I/LatinIME( 1854): Starting input. Cursor position = 0,0
12-09 08:11:39.117 W/audio_hw_generic( 1308): Not supplying enough data to HAL, expected position 23797712 , only wrote 23797322
12-09 08:11:39.216 W/audio_hw_generic( 1308): Not supplying enough data to HAL, expected position 23801697 , only wrote 23801288
12-09 08:11:39.217 W/audio_hw_generic( 1308): Not supplying enough data to HAL, expected position 23801294 , only wrote 23801288
12-09 08:11:39.217 W/audio_hw_generic( 1308): Hardware backing HAL too slow, could only write 0 of 661 frames
12-09 08:11:39.232 W/audio_hw_generic( 1308): Not supplying enough data to HAL, expected position 23801956 , only wrote 23801949
12-09 08:11:39.268 W/audio_hw_generic( 1308): Hardware backing HAL too slow, could only write 0 of 661 frames
12-09 08:11:39.284 W/audio_hw_generic( 1308): Hardware backing HAL too slow, could only write 0 of 661 frames
12-09 08:11:39.341 W/audio_hw_generic( 1308): Not supplying enough data to HAL, expected position 23806769 , only wrote 23806576
12-09 08:11:39.341 W/audio_hw_generic( 1308): Not supplying enough data to HAL, expected position 23806582 , only wrote 23806576
12-09 08:11:39.367 W/audio_hw_generic( 1308): Not supplying enough data to HAL, expected position 23807704 , only wrote 23807237
12-09 08:11:39.367 W/audio_hw_generic( 1308): Hardware backing HAL too slow, could only write 0 of 661 frames
12-09 08:11:39.386 W/audio_hw_generic( 1308): Hardware backing HAL too slow, could only write 0 of 661 frames
12-09 08:11:39.401 W/audio_hw_generic( 1308): Hardware backing HAL too slow, could only write 0 of 661 frames
12-09 08:11:39.416 W/audio_hw_generic( 1308): Hardware backing HAL too slow, could only write 0 of 661 frames
12-09 08:11:39.525 W/audio_hw_generic( 1308): Hardware backing HAL too slow, could only write 0 of 661 frames
12-09 08:11:39.589 E/SurfaceFlinger( 1224): ro.sf.lcd_density must be defined as a build property
12-09 08:11:39.609 D/gralloc_ranchu( 1224): gralloc_alloc: Creating ashmem region of size 49152
12-09 08:11:39.693 W/audio_hw_generic( 1308): Not supplying enough data to HAL, expected position 23821632 , only wrote 23821118
12-09 08:11:39.698 D/gralloc_ranchu( 1224): gralloc_alloc: Creating ashmem region of size 3686400
12-09 08:11:39.756 W/audio_hw_generic( 1308): Not supplying enough data to HAL, expected position 23823888 , only wrote 23822440
12-09 08:11:39.769 D/        (14266): HostConnection::get() New Host Connection established 0x7f0af7e92480, tid 14266
12-09 08:11:39.801 E/EGL_emulation( 1224): tid 1224: eglCreateSyncKHR(1881): error 0x3004 (EGL_BAD_ATTRIBUTE)
12-09 08:11:39.929 W/audio_hw_generic( 1308): Hardware backing HAL too slow, could only write 0 of 661 frames
12-09 08:11:39.932 W/art     ( 1592): Long monitor contention event with owner method=void com.android.server.wm.WindowManagerService$H.handleMessage(android.os.Message) from WindowManagerService.java:7820 waiters=0 for 124ms
12-09 08:11:39.938 W/audio_hw_generic( 1308): Hardware backing HAL too slow, could only write 0 of 661 frames
12-09 08:11:40.061 W/audio_hw_generic( 1308): Not supplying enough data to HAL, expected position 23835901 , only wrote 23835660
12-09 08:11:40.061 W/audio_hw_generic( 1308): Not supplying enough data to HAL, expected position 23835667 , only wrote 23835660
12-09 08:11:40.077 W/audio_hw_generic( 1308): Not supplying enough data to HAL, expected position 23836357 , only wrote 23836321
12-09 08:11:40.394 W/art     ( 1592): Long monitor contention event with owner method=void com.android.server.wm.WindowAnimator$1.doFrame(long) from WindowAnimator.java:121 waiters=0 for 154ms
12-09 08:11:40.402 W/audio_hw_generic( 1308): Not supplying enough data to HAL, expected position 23850659 , only wrote 23850202
12-09 08:11:40.403 W/audio_hw_generic( 1308): Not supplying enough data to HAL, expected position 23850208 , only wrote 23850202
12-09 08:11:40.419 W/audio_hw_generic( 1308): Not supplying enough data to HAL, expected position 23850922 , only wrote 23850863
12-09 08:11:40.605 W/audio_hw_generic( 1308): Not supplying enough data to HAL, expected position 23859070 , only wrote 23856812
12-09 08:11:40.609 W/audio_hw_generic( 1308): Not supplying enough data to HAL, expected position 23857010 , only wrote 23856812
12-09 08:11:40.632 W/audio_hw_generic( 1308): Not supplying enough data to HAL, expected position 23857806 , only wrote 23857473
12-09 08:11:40.659 I/Choreographer( 1854): Skipped 94 frames!  The application may be doing too much work on its main thread.
12-09 08:11:40.685 W/audio_hw_generic( 1308): Hardware backing HAL too slow, could only write 0 of 661 frames
12-09 08:11:40.737 W/audio_hw_generic( 1308): Not supplying enough data to HAL, expected position 23862123 , only wrote 23862100
12-09 08:11:40.856 W/audio_hw_generic( 1308): Not supplying enough data to HAL, expected position 23867344 , only wrote 23866066
12-09 08:11:40.857 W/audio_hw_generic( 1308): Not supplying enough data to HAL, expected position 23866072 , only wrote 23866066
12-09 08:11:40.877 W/audio_hw_generic( 1308): Not supplying enough data to HAL, expected position 23866976 , only wrote 23866727
12-09 08:11:41.110 I/System.out(14219): URI: //map
12-09 08:11:41.113 I/System.out(14219): params: {json={"query":"android.widget.EditText id:'odometer'","operation":{"method_name":"query","arguments":[]}}
12-09 08:11:41.113 I/System.out(14219): }
12-09 08:11:41.274 W/ResourceType(14219): No package identifier when getting name for resource number 0x00000001
12-09 08:11:41.297 W/audio_hw_generic( 1308): Hardware backing HAL too slow, could only write 0 of 661 frames
12-09 08:11:41.332 W/audio_hw_generic( 1308): Hardware backing HAL too slow, could only write 0 of 661 frames
12-09 08:11:41.473 I/System.out(14219): URI: //gesture
12-09 08:11:41.473 I/System.out(14219): params: {json={"query_timeout":5.0,"gestures":[{"query_string":"android.widget.EditText id:'odometer'","touches":[{"x":50,"y":50,"offset_x":0,"offset_y":0,"wait":0.0,"time":0.2,"release":true,"query_string":null}]}]}
12-09 08:11:41.473 I/System.out(14219): }
12-09 08:11:41.505 W/ResourceType(14219): No package identifier when getting name for resource number 0x00000001
12-09 08:11:41.693 W/audio_hw_generic( 1308): Not supplying enough data to HAL, expected position 23902702 , only wrote 23898455
12-09 08:11:41.693 W/audio_hw_generic( 1308): Not supplying enough data to HAL, expected position 23898461 , only wrote 23898455
12-09 08:11:41.717 W/audio_hw_generic( 1308): Not supplying enough data to HAL, expected position 23899511 , only wrote 23899116
12-09 08:11:41.732 W/audio_hw_generic( 1308): Hardware backing HAL too slow, could only write 0 of 661 frames
12-09 08:11:41.765 W/audio_hw_generic( 1308): Hardware backing HAL too slow, could only write 0 of 661 frames
12-09 08:11:41.832 W/audio_hw_generic( 1308): Not supplying enough data to HAL, expected position 23904168 , only wrote 23903743
12-09 08:11:41.832 W/audio_hw_generic( 1308): Not supplying enough data to HAL, expected position 23903749 , only wrote 23903743
12-09 08:11:41.961 W/audio_hw_generic( 1308): Not supplying enough data to HAL, expected position 23909435 , only wrote 23909031
12-09 08:11:41.961 W/audio_hw_generic( 1308): Not supplying enough data to HAL, expected position 23909037 , only wrote 23909031
12-09 08:11:41.976 W/audio_hw_generic( 1308): Not supplying enough data to HAL, expected position 23909697 , only wrote 23909692
12-09 08:11:42.434 I/System.out(14219): URI: //
12-09 08:11:42.434 I/System.out(14219): params: {json={"command":"set_selection","arguments":[-1,-1]}
12-09 08:11:42.434 I/System.out(14219): }
12-09 08:11:42.434 I/System.out(14219): header: {date=Sun, 09 Dec 2018 08:11:42 GMT, accept=*/*, content-length=47, host=127.0.0.1:34777, user-agent=HTTPClient/1.0 (2.8.3, ruby 2.3.1 (2016-04-26)), content-type=application/json;charset=utf-8}
12-09 08:11:42.434 I/System.out(14219): params: {json={"command":"set_selection","arguments":[-1,-1]}
12-09 08:11:42.434 I/System.out(14219): }
12-09 08:11:42.434 I/System.out(14219): ProP json = {"command":"set_selection","arguments":[-1,-1]}
12-09 08:11:42.434 I/System.out(14219): files: {}
12-09 08:11:42.434 I/System.out(14219): command: {"command":"set_selection","arguments":[-1,-1]}
12-09 08:11:42.435 I/InstrumentationBackend(14219): Got command:'Command:'Line:null,set_selection', arguments:'[-1, -1]'
12-09 08:11:42.449 I/System.out(14219): result:{"bonusInformation":[],"message":"","success":true}
12-09 08:11:42.554 I/System.out(14219): URI: //
12-09 08:11:42.554 I/System.out(14219): params: {json={"command":"keyboard_enter_text","arguments":["000"]}
12-09 08:11:42.554 I/System.out(14219): }
12-09 08:11:42.554 I/System.out(14219): header: {date=Sun, 09 Dec 2018 08:11:43 GMT, accept=*/*, content-length=53, host=127.0.0.1:34777, user-agent=HTTPClient/1.0 (2.8.3, ruby 2.3.1 (2016-04-26)), content-type=application/json;charset=utf-8}
12-09 08:11:42.554 I/System.out(14219): params: {json={"command":"keyboard_enter_text","arguments":["000"]}
12-09 08:11:42.554 I/System.out(14219): }
12-09 08:11:42.554 I/System.out(14219): ProP json = {"command":"keyboard_enter_text","arguments":["000"]}
