12-09 08:04:52.811 W/audio_hw_generic( 1308): Not supplying enough data to HAL, expected position 22884359 , only wrote 22883159
12-09 08:04:52.827 W/audio_hw_generic( 1308): Not supplying enough data to HAL, expected position 22883861 , only wrote 22883820
12-09 08:04:52.827 W/audio_hw_generic( 1308): Not supplying enough data to HAL, expected position 22883843 , only wrote 22883820
12-09 08:04:52.847 W/audio_hw_generic( 1308): Not supplying enough data to HAL, expected position 22884694 , only wrote 22884481
12-09 08:04:52.860 D/gralloc_ranchu( 1218): gralloc_alloc: Creating ashmem region of size 3686400
12-09 08:04:52.892 W/audio_hw_generic( 1308): Hardware backing HAL too slow, could only write 0 of 661 frames
12-09 08:04:52.902 W/audio_hw_generic( 1308): Hardware backing HAL too slow, could only write 0 of 661 frames
12-09 08:04:53.087 W/audio_hw_generic( 1308): Not supplying enough data to HAL, expected position 22895074 , only wrote 22895057
12-09 08:04:53.088 W/audio_hw_generic( 1308): Hardware backing HAL too slow, could only write 0 of 661 frames
12-09 08:04:53.092 E/SurfaceFlinger( 1218): ro.sf.lcd_density must be defined as a build property
12-09 08:04:53.098 D/gralloc_ranchu( 1218): gralloc_alloc: Creating ashmem region of size 3686400
12-09 08:04:53.115 D/        (11284): HostConnection::get() New Host Connection established 0x7fa012112480, tid 11284
12-09 08:04:53.119 W/audio_hw_generic( 1308): Hardware backing HAL too slow, could only write 0 of 661 frames
12-09 08:04:53.140 E/EGL_emulation( 1218): tid 1218: eglCreateSyncKHR(1881): error 0x3004 (EGL_BAD_ATTRIBUTE)
12-09 08:04:53.534 W/audio_hw_generic( 1308): Not supplying enough data to HAL, expected position 22914761 , only wrote 22913565
12-09 08:04:53.534 W/audio_hw_generic( 1308): Not supplying enough data to HAL, expected position 22913571 , only wrote 22913565
12-09 08:04:53.565 W/art     ( 1591): Long monitor contention event with owner method=void com.android.server.wm.WindowAnimator$1.doFrame(long) from WindowAnimator.java:121 waiters=1 for 193ms
12-09 08:04:53.578 W/audio_hw_generic( 1308): Not supplying enough data to HAL, expected position 22915468 , only wrote 22914226
12-09 08:04:53.726 W/art     ( 1591): Long monitor contention event with owner method=void com.android.server.wm.WindowAnimator$1.doFrame(long) from WindowAnimator.java:121 waiters=1 for 257ms
12-09 08:04:53.823 W/audio_hw_generic( 1308): Not supplying enough data to HAL, expected position 22925049 , only wrote 22919514
12-09 08:04:53.837 W/art     ( 1591): Long monitor contention event with owner method=void com.android.server.wm.WindowAnimator$1.doFrame(long) from WindowAnimator.java:121 waiters=1 for 272ms
12-09 08:04:53.847 W/audio_hw_generic( 1308): Not supplying enough data to HAL, expected position 22920572 , only wrote 22919514
12-09 08:04:53.867 W/audio_hw_generic( 1308): Not supplying enough data to HAL, expected position 22920419 , only wrote 22920175
12-09 08:04:53.868 W/audio_hw_generic( 1308): Not supplying enough data to HAL, expected position 22920181 , only wrote 22920175
12-09 08:04:53.891 W/audio_hw_generic( 1308): Not supplying enough data to HAL, expected position 22921212 , only wrote 22920836
12-09 08:04:53.935 W/audio_hw_generic( 1308): Not supplying enough data to HAL, expected position 22922781 , only wrote 22922158
12-09 08:04:53.935 W/audio_hw_generic( 1308): Hardware backing HAL too slow, could only write 0 of 661 frames
12-09 08:04:53.950 W/audio_hw_generic( 1308): Hardware backing HAL too slow, could only write 0 of 661 frames
12-09 08:04:53.965 W/audio_hw_generic( 1308): Hardware backing HAL too slow, could only write 0 of 661 frames
12-09 08:04:53.993 W/art     ( 1591): Long monitor contention event with owner method=void com.android.server.wm.WindowAnimator$1.doFrame(long) from WindowAnimator.java:121 waiters=1 for 266ms
12-09 08:04:54.271 W/audio_hw_generic( 1308): Hardware backing HAL too slow, could only write 0 of 661 frames
12-09 08:04:54.381 W/audio_hw_generic( 1308): Hardware backing HAL too slow, could only write 0 of 661 frames
12-09 08:04:54.489 W/art     ( 1591): Long monitor contention event with owner method=void com.android.server.wm.WindowAnimator$1.doFrame(long) from WindowAnimator.java:121 waiters=1 for 175ms
12-09 08:04:54.543 W/audio_hw_generic( 1308): Hardware backing HAL too slow, could only write 0 of 661 frames
12-09 08:04:54.578 W/art     ( 1591): Long monitor contention event with owner method=void com.android.server.wm.WindowAnimator$1.doFrame(long) from WindowAnimator.java:121 waiters=1 for 185ms
12-09 08:04:54.839 W/audio_hw_generic( 1308): Not supplying enough data to HAL, expected position 22962021 , only wrote 22961157
12-09 08:04:54.839 W/audio_hw_generic( 1308): Not supplying enough data to HAL, expected position 22961164 , only wrote 22961157
12-09 08:04:54.850 D/AndroidRuntime(11287): >>>>>> START com.android.internal.os.RuntimeInit uid 0 <<<<<<
12-09 08:04:54.852 D/AndroidRuntime(11287): CheckJNI is ON
12-09 08:04:54.868 W/art     ( 1591): Long monitor contention event with owner method=void com.android.server.wm.WindowAnimator$1.doFrame(long) from WindowAnimator.java:121 waiters=1 for 207ms
12-09 08:04:54.873 W/audio_hw_generic( 1308): Not supplying enough data to HAL, expected position 22962637 , only wrote 22961818
12-09 08:04:54.873 W/audio_hw_generic( 1308): Hardware backing HAL too slow, could only write 0 of 661 frames
12-09 08:04:54.873 W/audio_hw_generic( 1308): Hardware backing HAL too slow, could only write 0 of 661 frames
12-09 08:04:54.911 W/audio_hw_generic( 1308): Hardware backing HAL too slow, could only write 0 of 661 frames
12-09 08:04:54.950 D/ICU     (11287): No timezone override file found: /data/misc/zoneinfo/current/icu/icu_tzdata.dat
12-09 08:04:54.953 W/audio_hw_generic( 1308): Not supplying enough data to HAL, expected position 22965351 , only wrote 22965123
12-09 08:04:54.953 W/audio_hw_generic( 1308): Not supplying enough data to HAL, expected position 22965129 , only wrote 22965123
12-09 08:04:54.994 W/audio_hw_generic( 1308): Not supplying enough data to HAL, expected position 22966934 , only wrote 22965784
12-09 08:04:55.011 W/audio_hw_generic( 1308): Not supplying enough data to HAL, expected position 22966528 , only wrote 22966445
12-09 08:04:55.011 W/audio_hw_generic( 1308): Not supplying enough data to HAL, expected position 22966452 , only wrote 22966445
12-09 08:04:55.035 W/audio_hw_generic( 1308): Not supplying enough data to HAL, expected position 22967478 , only wrote 22967106
12-09 08:04:55.067 W/art     ( 1591): Long monitor contention event with owner method=void com.android.server.wm.WindowAnimator$1.doFrame(long) from WindowAnimator.java:121 waiters=1 for 198ms
12-09 08:04:55.139 W/audio_hw_generic( 1308): Not supplying enough data to HAL, expected position 22971714 , only wrote 22971072
12-09 08:04:55.139 W/audio_hw_generic( 1308): Not supplying enough data to HAL, expected position 22971078 , only wrote 22971072
12-09 08:04:55.161 W/audio_hw_generic( 1308): Not supplying enough data to HAL, expected position 22972042 , only wrote 22971733
12-09 08:04:55.177 W/art     ( 1591): Long monitor contention event with owner method=void com.android.server.wm.WindowAnimator$1.doFrame(long) from WindowAnimator.java:121 waiters=1 for 209ms
12-09 08:04:55.178 W/art     ( 1591): Long monitor contention event with owner method=void com.android.server.wm.WindowAnimator$1.doFrame(long) from WindowAnimator.java:121 waiters=1 for 110ms
12-09 08:04:55.178 W/art     ( 1591): Long monitor contention event with owner method=java.util.List com.android.server.am.ActivityManagerService.getAllStackInfos() from ActivityManagerService.java:8937 waiters=0 for 1.822s
12-09 08:04:55.209 D/gralloc_ranchu( 1218): gralloc_alloc: Creating ashmem region of size 3686400
12-09 08:04:55.211 W/audio_hw_generic( 1308): Hardware backing HAL too slow, could only write 0 of 661 frames
12-09 08:04:55.214 E/memtrack(11287): Couldn't load memtrack module (No such file or directory)
12-09 08:04:55.214 E/android.os.Debug(11287): failed to load memtrack module: -2
12-09 08:04:55.228 I/Radio-JNI(11287): register_android_hardware_Radio DONE
12-09 08:04:55.256 D/AndroidRuntime(11287): Calling main entry com.android.commands.input.Input
12-09 08:04:55.260 I/Input   (11287): injectKeyEvent: KeyEvent { action=ACTION_DOWN, keyCode=KEYCODE_BACK, scanCode=0, metaState=0, flags=0x0, repeatCount=0, eventTime=4107972, downTime=4107972, deviceId=-1, source=0x101 }
12-09 08:04:55.360 W/audio_hw_generic( 1308): Not supplying enough data to HAL, expected position 22980485 , only wrote 22979665
12-09 08:04:55.360 W/audio_hw_generic( 1308): Not supplying enough data to HAL, expected position 22979671 , only wrote 22979665
12-09 08:04:55.372 I/ActivityManager( 1591): Displayed com.evancharlton.mileage/.FillupInfoActivity: +3s69ms
12-09 08:04:55.379 W/audio_hw_generic( 1308): Not supplying enough data to HAL, expected position 22980512 , only wrote 22980326
12-09 08:04:55.407 W/audio_hw_generic( 1308): Hardware backing HAL too slow, could only write 0 of 661 frames
12-09 08:04:55.429 W/audio_hw_generic( 1308): Hardware backing HAL too slow, could only write 0 of 661 frames
12-09 08:04:55.440 W/audio_hw_generic( 1308): Not supplying enough data to HAL, expected position 22985210 , only wrote 22982970
12-09 08:04:55.592 I/Input   (11287): injectKeyEvent: KeyEvent { action=ACTION_UP, keyCode=KEYCODE_BACK, scanCode=0, metaState=0, flags=0x0, repeatCount=0, eventTime=4107972, downTime=4107972, deviceId=-1, source=0x101 }
12-09 08:04:55.675 D/AndroidRuntime(11287): Shutting down VM
12-09 08:04:55.984 W/ActivityManager( 1591): Bad activity token: android.os.BinderProxy@6dcbe5b
12-09 08:04:55.984 W/ActivityManager( 1591): java.lang.ClassCastException: android.os.BinderProxy cannot be cast to com.android.server.am.ActivityRecord$Token
12-09 08:04:55.984 W/ActivityManager( 1591): 	at com.android.server.am.ActivityRecord.forTokenLocked(ActivityRecord.java:424)
12-09 08:04:55.984 W/ActivityManager( 1591): 	at com.android.server.am.ActivityRecord.isInStackLocked(ActivityRecord.java:1121)
12-09 08:04:55.984 W/ActivityManager( 1591): 	at com.android.server.am.ActivityManagerService.getActivityOptions(ActivityManagerService.java:11038)
12-09 08:04:55.984 W/ActivityManager( 1591): 	at android.app.ActivityManagerNative.onTransact(ActivityManagerNative.java:1734)
12-09 08:04:55.984 W/ActivityManager( 1591): 	at com.android.server.am.ActivityManagerService.onTransact(ActivityManagerService.java:2443)
12-09 08:04:55.984 W/ActivityManager( 1591): 	at android.os.Binder.execTransact(Binder.java:453)
12-09 08:04:56.006 V/PhoneStatusBar( 1693): setLightsOn(true)
12-09 08:04:56.065 I/System.out(11175): URI: //gesture
12-09 08:04:56.065 I/System.out(11175): params: {json={"query_timeout":5.0,"gestures":[{"query_string":"android.widget.TabWidget descendant TextView index:2","touches":[{"x":50,"y":50,"offset_x":0,"offset_y":0,"wait":0.0,"time":0.2,"release":true,"query_string":null}]}]}
12-09 08:04:56.065 I/System.out(11175): }
12-09 08:04:56.149 D/gralloc_ranchu( 1218): gralloc_alloc: Creating ashmem region of size 3686400
12-09 08:04:56.713 D/gralloc_ranchu( 1218): gralloc_alloc: Creating ashmem region of size 3686400
12-09 08:04:57.116 W/art     ( 1591): Long monitor contention event with owner method=void com.android.server.wm.WindowAnimator$1.doFrame(long) from WindowAnimator.java:121 waiters=1 for 113ms
12-09 08:04:57.331 D/gralloc_ranchu( 1218): gralloc_alloc: Creating ashmem region of size 3686400
12-09 08:04:57.549 I/calabash(11175): newActivity1
12-09 08:04:57.550 W/ActivityManager( 1591): Bad activity token: android.os.BinderProxy@e1b75d
12-09 08:04:57.550 W/ActivityManager( 1591): java.lang.ClassCastException: android.os.BinderProxy cannot be cast to com.android.server.am.ActivityRecord$Token
12-09 08:04:57.550 W/ActivityManager( 1591): 	at com.android.server.am.ActivityRecord.forTokenLocked(ActivityRecord.java:424)
12-09 08:04:57.550 W/ActivityManager( 1591): 	at com.android.server.am.ActivityRecord.isInStackLocked(ActivityRecord.java:1121)
12-09 08:04:57.550 W/ActivityManager( 1591): 	at com.android.server.am.ActivityRecord.getStackLocked(ActivityRecord.java:1126)
12-09 08:04:57.550 W/ActivityManager( 1591): 	at com.android.server.am.ActivityManagerService.getActivityDisplayId(ActivityManagerService.java:8889)
12-09 08:04:57.550 W/ActivityManager( 1591): 	at android.app.ActivityManagerNative.onTransact(ActivityManagerNative.java:2338)
12-09 08:04:57.550 W/ActivityManager( 1591): 	at com.android.server.am.ActivityManagerService.onTransact(ActivityManagerService.java:2443)
12-09 08:04:57.550 W/ActivityManager( 1591): 	at android.os.Binder.execTransact(Binder.java:453)
12-09 08:04:57.557 W/ActivityManager( 1591): Bad activity token: android.os.BinderProxy@e1b75d
12-09 08:04:57.557 W/ActivityManager( 1591): java.lang.ClassCastException: android.os.BinderProxy cannot be cast to com.android.server.am.ActivityRecord$Token
12-09 08:04:57.557 W/ActivityManager( 1591): 	at com.android.server.am.ActivityRecord.forTokenLocked(ActivityRecord.java:424)
12-09 08:04:57.557 W/ActivityManager( 1591): 	at com.android.server.am.ActivityRecord.isInStackLocked(ActivityRecord.java:1121)
12-09 08:04:57.557 W/ActivityManager( 1591): 	at com.android.server.am.ActivityManagerService.setTaskDescription(ActivityManagerService.java:8547)
12-09 08:04:57.557 W/ActivityManager( 1591): 	at android.app.ActivityManagerNative.onTransact(ActivityManagerNative.java:2410)
12-09 08:04:57.557 W/ActivityManager( 1591): 	at com.android.server.am.ActivityManagerService.onTransact(ActivityManagerService.java:2443)
12-09 08:04:57.557 W/ActivityManager( 1591): 	at android.os.Binder.execTransact(Binder.java:453)
12-09 08:04:57.607 I/art     (11175): Background partial concurrent mark sweep GC freed 54804(2MB) AllocSpace objects, 4(80KB) LOS objects, 39% free, 3MB/5MB, paused 1.427ms total 122.283ms
12-09 08:04:57.633 D/VehicleStatisticsActivity(11175): Checking recalculation ...
12-09 08:04:57.634 D/VehicleStatisticsActivity(11175): Recalculating statistics
12-09 08:04:57.635 D/VehicleStatisticsTask(11175): Calculation starting...
12-09 08:04:57.635 D/VehicleStatisticsActivity(11175): Recalculation started!
12-09 08:04:57.647 W/audio_hw_generic( 1308): Hardware backing HAL too slow, could only write 0 of 661 frames
12-09 08:04:57.660 W/ActivityManager( 1591): Bad activity token: android.os.BinderProxy@e1b75d
12-09 08:04:57.660 W/ActivityManager( 1591): java.lang.ClassCastException: android.os.BinderProxy cannot be cast to com.android.server.am.ActivityRecord$Token
12-09 08:04:57.660 W/ActivityManager( 1591): 	at com.android.server.am.ActivityRecord.forTokenLocked(ActivityRecord.java:424)
12-09 08:04:57.660 W/ActivityManager( 1591): 	at com.android.server.am.ActivityRecord.isInStackLocked(ActivityRecord.java:1121)
12-09 08:04:57.660 W/ActivityManager( 1591): 	at com.android.server.am.ActivityManagerService.getActivityOptions(ActivityManagerService.java:11038)
12-09 08:04:57.660 W/ActivityManager( 1591): 	at android.app.ActivityManagerNative.onTransact(ActivityManagerNative.java:1734)
12-09 08:04:57.660 W/ActivityManager( 1591): 	at com.android.server.am.ActivityManagerService.onTransact(ActivityManagerService.java:2443)
12-09 08:04:57.660 W/ActivityManager( 1591): 	at android.os.Binder.execTransact(Binder.java:453)
12-09 08:04:57.664 W/audio_hw_generic( 1308): Hardware backing HAL too slow, could only write 0 of 661 frames
12-09 08:04:57.671 W/audio_hw_generic( 1308): Hardware backing HAL too slow, could only write 0 of 661 frames
12-09 08:04:57.683 W/audio_hw_generic( 1308): Hardware backing HAL too slow, could only write 0 of 661 frames
12-09 08:04:57.700 W/audio_hw_generic( 1308): Hardware backing HAL too slow, could only write 0 of 661 frames
12-09 08:04:57.715 W/audio_hw_generic( 1308): Hardware backing HAL too slow, could only write 0 of 661 frames
12-09 08:04:57.717 W/ActivityManager( 1591): Bad activity token: android.os.BinderProxy@e1b75d
12-09 08:04:57.717 W/ActivityManager( 1591): java.lang.ClassCastException: android.os.BinderProxy cannot be cast to com.android.server.am.ActivityRecord$Token
12-09 08:04:57.717 W/ActivityManager( 1591): 	at com.android.server.am.ActivityRecord.forTokenLocked(ActivityRecord.java:424)
12-09 08:04:57.717 W/ActivityManager( 1591): 	at com.android.server.am.ActivityRecord.isInStackLocked(ActivityRecord.java:1121)
12-09 08:04:57.717 W/ActivityManager( 1591): 	at com.android.server.am.ActivityManagerService.getActivityOptions(ActivityManagerService.java:11038)
12-09 08:04:57.717 W/ActivityManager( 1591): 	at android.app.ActivityManagerNative.onTransact(ActivityManagerNative.java:1734)
12-09 08:04:57.717 W/ActivityManager( 1591): 	at com.android.server.am.ActivityManagerService.onTransact(ActivityManagerService.java:2443)
12-09 08:04:57.717 W/ActivityManager( 1591): 	at android.os.Binder.execTransact(Binder.java:453)
12-09 08:04:57.728 W/audio_hw_generic( 1308): Hardware backing HAL too slow, could only write 0 of 661 frames
12-09 08:04:57.738 D/CalculateTask(11175): Recalculating...
12-09 08:04:57.750 D/VehicleStatisticsActivity(11175): Checking recalculation ...
12-09 08:04:57.751 W/audio_hw_generic( 1308): Hardware backing HAL too slow, could only write 0 of 661 frames
12-09 08:04:57.758 D/VehicleStatisticsActivity(11175): Recalculating statistics
12-09 08:04:57.758 D/VehicleStatisticsTask(11175): Calculation starting...
12-09 08:04:57.758 D/VehicleStatisticsActivity(11175): Recalculation started!
12-09 08:04:57.759 W/audio_hw_generic( 1308): Hardware backing HAL too slow, could only write 0 of 661 frames
12-09 08:04:57.822 D/CalculateTask(11175): Recalculating...
12-09 08:04:57.974 D/Mileage.ABS(11175): Finished backup
12-09 08:04:57.997 D/VehicleStatisticsTask(11175): Done recalculating!
12-09 08:04:57.998 D/Mileage.ABS(11175): Not backing up; 35
12-09 08:04:58.036 D/VehicleStatisticsTask(11175): Done recalculating!
12-09 08:04:58.042 D/VehicleStatisticsAdapter(11175): Erasing the cache ...
12-09 08:04:58.070 D/VehicleStatisticsAdapter(11175): Building new values ...
12-09 08:04:58.071 D/VehicleStatisticsAdapter(11175): Writing 29 records to the database ...
12-09 08:04:58.120 D/VehicleStatisticsAdapter(11175): Erasing the cache ...
12-09 08:04:58.198 D/Mileage.ABS(11175): Not backing up; 234
12-09 08:04:58.343 E/SurfaceFlinger( 1218): ro.sf.lcd_density must be defined as a build property
12-09 08:04:58.360 D/VehicleStatisticsAdapter(11175): Building new values ...
12-09 08:04:58.360 D/VehicleStatisticsAdapter(11175): Writing 29 records to the database ...
12-09 08:04:58.371 D/Mileage.ABS(11175): Not backing up; 408
12-09 08:04:58.372 D/Mileage.ABS(11175): Not backing up; 409
12-09 08:04:58.430 D/Mileage.ABS(11175): Not backing up; 467
12-09 08:04:58.431 D/Mileage.ABS(11175): Not backing up; 468
12-09 08:04:58.458 D/gralloc_ranchu( 1218): gralloc_alloc: Creating ashmem region of size 3686400
12-09 08:04:58.474 D/Mileage.ABS(11175): Not backing up; 511
12-09 08:04:58.503 D/        (11301): HostConnection::get() New Host Connection established 0x7f5fd00d2480, tid 11301
12-09 08:04:58.556 E/EGL_emulation( 1218): tid 1218: eglCreateSyncKHR(1881): error 0x3004 (EGL_BAD_ATTRIBUTE)
12-09 08:04:58.564 D/Mileage.ABS(11175): Not backing up; 601
12-09 08:04:58.564 D/Mileage.ABS(11175): Not backing up; 601
12-09 08:04:58.564 D/Mileage.ABS(11175): Not backing up; 601
12-09 08:04:58.564 D/Mileage.ABS(11175): Not backing up; 601
12-09 08:04:58.610 D/Mileage.ABS(11175): Not backing up; 647
12-09 08:04:58.656 D/Mileage.ABS(11175): Not backing up; 693
12-09 08:04:58.692 D/Mileage.ABS(11175): Not backing up; 729
12-09 08:04:58.700 D/Mileage.ABS(11175): Not backing up; 737
12-09 08:04:58.732 D/Mileage.ABS(11175): Not backing up; 769
12-09 08:04:58.762 D/Mileage.ABS(11175): Not backing up; 799
12-09 08:04:58.893 D/Mileage.ABS(11175): Not backing up; 929
12-09 08:04:58.893 D/Mileage.ABS(11175): Not backing up; 930
12-09 08:04:58.893 D/Mileage.ABS(11175): Not backing up; 930
12-09 08:04:58.899 W/audio_hw_generic( 1308): Hardware backing HAL too slow, could only write 0 of 661 frames
12-09 08:04:58.944 W/audio_hw_generic( 1308): Hardware backing HAL too slow, could only write 0 of 661 frames
12-09 08:04:58.959 W/audio_hw_generic( 1308): Hardware backing HAL too slow, could only write 0 of 661 frames
12-09 08:04:59.085 D/Mileage.ABS(11175): Finished backup
12-09 08:04:59.102 D/Mileage.ABS(11175): Not backing up; 53
12-09 08:04:59.103 D/Mileage.ABS(11175): Not backing up; 54
12-09 08:04:59.105 D/Mileage.ABS(11175): Not backing up; 56
12-09 08:04:59.105 D/Mileage.ABS(11175): Not backing up; 56
12-09 08:04:59.191 D/Mileage.ABS(11175): Not backing up; 142
12-09 08:04:59.221 I/System.out(11175): URI: //map
12-09 08:04:59.221 I/System.out(11175): params: {json={"query":"* {text CONTAINS[c] 'Average fuel economy'}","operation":{"method_name":"query","arguments":[]}}
12-09 08:04:59.221 I/System.out(11175): }
12-09 08:04:59.304 D/Mileage.ABS(11175): Not backing up; 255
12-09 08:04:59.305 D/Mileage.ABS(11175): Not backing up; 256
12-09 08:04:59.395 W/audio_hw_generic( 1308): Hardware backing HAL too slow, could only write 0 of 661 frames
12-09 08:04:59.461 D/Mileage.ABS(11175): Not backing up; 412
12-09 08:04:59.475 D/Mileage.ABS(11175): Not backing up; 426
12-09 08:04:59.501 D/Mileage.ABS(11175): Not backing up; 452
12-09 08:04:59.504 D/Mileage.ABS(11175): Not backing up; 455
12-09 08:04:59.575 D/Mileage.ABS(11175): Not backing up; 526
12-09 08:04:59.599 W/audio_hw_generic( 1308): Hardware backing HAL too slow, could only write 0 of 661 frames
12-09 08:04:59.679 W/audio_hw_generic( 1308): Not supplying enough data to HAL, expected position 23074986 , only wrote 23074849
12-09 08:04:59.679 W/audio_hw_generic( 1308): Not supplying enough data to HAL, expected position 23074855 , only wrote 23074849
12-09 08:04:59.695 W/audio_hw_generic( 1308): Not supplying enough data to HAL, expected position 23075545 , only wrote 23075510
12-09 08:04:59.698 I/art     (11175): Background sticky concurrent mark sweep GC freed 37876(1835KB) AllocSpace objects, 2(40KB) LOS objects, 13% free, 4MB/5MB, paused 1.008ms total 235.692ms
12-09 08:04:59.708 D/Mileage.ABS(11175): Not backing up; 659
12-09 08:04:59.709 D/Mileage.ABS(11175): Not backing up; 660
12-09 08:04:59.710 D/Mileage.ABS(11175): Not backing up; 660
12-09 08:04:59.710 W/audio_hw_generic( 1308): Hardware backing HAL too slow, could only write 0 of 661 frames
12-09 08:04:59.710 D/Mileage.ABS(11175): Not backing up; 661
12-09 08:04:59.714 D/Mileage.ABS(11175): Not backing up; 665
12-09 08:04:59.715 D/Mileage.ABS(11175): Not backing up; 666
12-09 08:04:59.715 D/Mileage.ABS(11175): Not backing up; 666
12-09 08:04:59.716 D/Mileage.ABS(11175): Not backing up; 667
12-09 08:04:59.716 D/Mileage.ABS(11175): Not backing up; 667
12-09 08:04:59.718 D/Mileage.ABS(11175): Not backing up; 669
12-09 08:04:59.718 D/Mileage.ABS(11175): Not backing up; 669
12-09 08:04:59.719 D/Mileage.ABS(11175): Not backing up; 670
12-09 08:04:59.724 D/Mileage.ABS(11175): Not backing up; 675
12-09 08:04:59.727 W/audio_hw_generic( 1308): Hardware backing HAL too slow, could only write 0 of 661 frames
12-09 08:04:59.870 D/Mileage.ABS(11175): Not backing up; 821
12-09 08:04:59.871 I/System.out(11175): URI: //gesture
12-09 08:04:59.871 I/System.out(11175): params: {json={"query_timeout":5.0,"gestures":[{"query_string":"* {text CONTAINS[c] 'Average fuel economy'}","touches":[{"x":50,"y":50,"offset_x":0,"offset_y":0,"wait":0.0,"time":0.2,"release":true,"query_string":null}]}]}
12-09 08:04:59.871 I/System.out(11175): }
12-09 08:04:59.880 D/Mileage.ABS(11175): Not backing up; 830
12-09 08:04:59.880 D/Mileage.ABS(11175): Not backing up; 831
12-09 08:04:59.880 D/Mileage.ABS(11175): Not backing up; 831
12-09 08:04:59.939 W/audio_hw_generic( 1308): Not supplying enough data to HAL, expected position 23086271 , only wrote 23086086
12-09 08:05:00.015 I/art     (11175): Background partial concurrent mark sweep GC freed 36416(1799KB) AllocSpace objects, 1(20KB) LOS objects, 39% free, 3MB/6MB, paused 986us total 275.381ms
12-09 08:05:00.019 W/audio_hw_generic( 1308): Not supplying enough data to HAL, expected position 23089615 , only wrote 23089391
12-09 08:05:00.044 D/Mileage.ABS(11175): Not backing up; 995
12-09 08:05:00.056 D/Mileage.ABS(11175): Finished backup
12-09 08:05:00.103 W/audio_hw_generic( 1308): Not supplying enough data to HAL, expected position 23093092 , only wrote 23092696
12-09 08:05:00.103 W/audio_hw_generic( 1308): Not supplying enough data to HAL, expected position 23092702 , only wrote 23092696
12-09 08:05:00.119 W/audio_hw_generic( 1308): Not supplying enough data to HAL, expected position 23093405 , only wrote 23093357
12-09 08:05:00.138 D/Mileage.ABS(11175): Not backing up; 88
12-09 08:05:00.220 D/VehicleStatisticsAdapter(11175): Caching of 29 records complete! (2.149 seconds)
12-09 08:05:00.322 D/VehicleStatisticsAdapter(11175): Caching of 29 records complete! (1.962 seconds)
12-09 08:05:00.365 W/audio_hw_generic( 1308): Not supplying enough data to HAL, expected position 23104194 , only wrote 23103272
12-09 08:05:00.365 W/audio_hw_generic( 1308): Not supplying enough data to HAL, expected position 23103278 , only wrote 23103272
12-09 08:05:00.369 D/Mileage.ABS(11175): Not backing up; 319
12-09 08:05:00.376 D/Mileage.ABS(11175): Not backing up; 326
12-09 08:05:00.376 D/Mileage.ABS(11175): Not backing up; 326
12-09 08:05:00.376 D/Mileage.ABS(11175): Not backing up; 326
12-09 08:05:00.376 D/Mileage.ABS(11175): Not backing up; 326
12-09 08:05:00.377 D/Mileage.ABS(11175): Not backing up; 326
12-09 08:05:00.377 D/Mileage.ABS(11175): Not backing up; 327
12-09 08:05:00.377 D/Mileage.ABS(11175): Not backing up; 327
12-09 08:05:00.385 I/ActivityManager( 1591): START u0 {cmp=com.evancharlton.mileage/.charts.AverageFuelEconomyChart (has extras)} from uid 10127 on display 0
12-09 08:05:00.387 W/audio_hw_generic( 1308): Not supplying enough data to HAL, expected position 23104240 , only wrote 23103933
12-09 08:05:00.412 D/hwcomposer( 1218): hw_composer sent 837 syncs in 60s
12-09 08:05:00.427 W/audio_hw_generic( 1308): Not supplying enough data to HAL, expected position 23105696 , only wrote 23105255
12-09 08:05:00.473 W/audio_hw_generic( 1308): Not supplying enough data to HAL, expected position 23107256 , only wrote 23107238
12-09 08:05:00.508 W/audio_hw_generic( 1308): Hardware backing HAL too slow, could only write 0 of 661 frames
12-09 08:05:00.594 W/audio_hw_generic( 1308): Not supplying enough data to HAL, expected position 23112571 , only wrote 23112526
12-09 08:05:00.594 W/audio_hw_generic( 1308): Not supplying enough data to HAL, expected position 23112532 , only wrote 23112526
12-09 08:05:00.613 W/audio_hw_generic( 1308): Not supplying enough data to HAL, expected position 23113379 , only wrote 23113187
12-09 08:05:00.614 I/calabash(11175): newActivity1
12-09 08:05:00.627 W/aiCharts(11175): License file is invalid or missing. 
12-09 08:05:00.627 W/aiCharts(11175): Please place proper license.lic to /assets folder.
12-09 08:05:00.758 W/audio_hw_generic( 1308): Not supplying enough data to HAL, expected position 23119560 , only wrote 23119136
12-09 08:05:00.770 W/audio_hw_generic( 1308): Not supplying enough data to HAL, expected position 23119669 , only wrote 23119136
12-09 08:05:00.789 V/PhoneStatusBar( 1693): setLightsOn(true)
12-09 08:05:00.792 W/audio_hw_generic( 1308): Not supplying enough data to HAL, expected position 23120099 , only wrote 23119797
12-09 08:05:00.792 W/audio_hw_generic( 1308): Hardware backing HAL too slow, could only write 0 of 661 frames
12-09 08:05:00.823 W/audio_hw_generic( 1308): Not supplying enough data to HAL, expected position 23121192 , only wrote 23121119
12-09 08:05:00.881 W/audio_hw_generic( 1308): Hardware backing HAL too slow, could only write 0 of 661 frames
12-09 08:05:00.982 W/audio_hw_generic( 1308): Hardware backing HAL too slow, could only write 0 of 661 frames
12-09 08:05:00.982 W/audio_hw_generic( 1308): Not supplying enough data to HAL, expected position 23128119 , only wrote 23125085
12-09 08:05:00.982 W/audio_hw_generic( 1308): Not supplying enough data to HAL, expected position 23125090 , only wrote 23125085
12-09 08:05:01.028 D/gralloc_ranchu( 1218): gralloc_alloc: Creating ashmem region of size 372736
12-09 08:05:01.032 W/audio_hw_generic( 1308): Not supplying enough data to HAL, expected position 23127274 , only wrote 23125746
12-09 08:05:01.097 W/audio_hw_generic( 1308): Hardware backing HAL too slow, could only write 0 of 661 frames
12-09 08:05:01.101 E/SurfaceFlinger( 1218): ro.sf.lcd_density must be defined as a build property
12-09 08:05:01.111 W/audio_hw_generic( 1308): Hardware backing HAL too slow, could only write 0 of 661 frames
12-09 08:05:01.123 W/audio_hw_generic( 1308): Hardware backing HAL too slow, could only write 0 of 661 frames
12-09 08:05:01.196 D/gralloc_ranchu( 1218): gralloc_alloc: Creating ashmem region of size 3686400
12-09 08:05:01.247 W/audio_hw_generic( 1308): Not supplying enough data to HAL, expected position 23135235 , only wrote 23131695
12-09 08:05:01.257 W/audio_hw_generic( 1308): Not supplying enough data to HAL, expected position 23132146 , only wrote 23131695
12-09 08:05:01.280 D/        (11325): HostConnection::get() New Host Connection established 0x7f333b552480, tid 11325
12-09 08:05:01.299 W/audio_hw_generic( 1308): Not supplying enough data to HAL, expected position 23133532 , only wrote 23133017
12-09 08:05:01.315 E/EGL_emulation( 1218): tid 1218: eglCreateSyncKHR(1881): error 0x3004 (EGL_BAD_ATTRIBUTE)
12-09 08:05:01.458 D/gralloc_ranchu( 1218): gralloc_alloc: Creating ashmem region of size 3686400
12-09 08:05:01.561 W/audio_hw_generic( 1308): Not supplying enough data to HAL, expected position 23144582 , only wrote 23142932
12-09 08:05:01.561 W/audio_hw_generic( 1308): Not supplying enough data to HAL, expected position 23142938 , only wrote 23142932
12-09 08:05:01.578 W/audio_hw_generic( 1308): Not supplying enough data to HAL, expected position 23143687 , only wrote 23143593
12-09 08:05:01.636 W/audio_hw_generic( 1308): Hardware backing HAL too slow, could only write 0 of 661 frames
12-09 08:05:01.703 W/audio_hw_generic( 1308): Not supplying enough data to HAL, expected position 23149093 , only wrote 23148220
12-09 08:05:01.703 W/audio_hw_generic( 1308): Not supplying enough data to HAL, expected position 23148226 , only wrote 23148220
12-09 08:05:01.718 W/audio_hw_generic( 1308): Not supplying enough data to HAL, expected position 23148897 , only wrote 23148881
12-09 08:05:01.733 W/audio_hw_generic( 1308): Hardware backing HAL too slow, could only write 0 of 661 frames
12-09 08:05:01.748 W/audio_hw_generic( 1308): Hardware backing HAL too slow, could only write 0 of 661 frames
12-09 08:05:01.765 W/audio_hw_generic( 1308): Hardware backing HAL too slow, could only write 0 of 661 frames
12-09 08:05:02.012 W/art     ( 1591): Long monitor contention event with owner method=void com.android.server.wm.WindowAnimator$1.doFrame(long) from WindowAnimator.java:121 waiters=1 for 219ms
12-09 08:05:02.159 W/audio_hw_generic( 1308): Not supplying enough data to HAL, expected position 23168312 , only wrote 23162101
12-09 08:05:02.159 W/audio_hw_generic( 1308): Not supplying enough data to HAL, expected position 23162107 , only wrote 23162101
12-09 08:05:02.267 W/audio_hw_generic( 1308): Not supplying enough data to HAL, expected position 23166862 , only wrote 23162762
12-09 08:05:02.331 W/audio_hw_generic( 1308): Not supplying enough data to HAL, expected position 23165584 , only wrote 23165406
12-09 08:05:02.331 W/audio_hw_generic( 1308): Not supplying enough data to HAL, expected position 23165412 , only wrote 23165406
12-09 08:05:02.416 W/art     ( 1591): Long monitor contention event with owner method=void com.android.server.wm.WindowAnimator$1.doFrame(long) from WindowAnimator.java:121 waiters=1 for 228ms
12-09 08:05:02.526 W/art     ( 1591): Long monitor contention event with owner method=void com.android.server.wm.WindowAnimator$1.doFrame(long) from WindowAnimator.java:121 waiters=1 for 214ms
12-09 08:05:02.565 W/audio_hw_generic( 1308): Not supplying enough data to HAL, expected position 23175727 , only wrote 23173999
12-09 08:05:02.616 W/art     ( 1591): Long monitor contention event with owner method=void com.android.server.wm.WindowAnimator$1.doFrame(long) from WindowAnimator.java:121 waiters=1 for 199ms
12-09 08:05:02.631 W/audio_hw_generic( 1308): Hardware backing HAL too slow, could only write 0 of 661 frames
12-09 08:05:02.712 W/art     ( 1591): Long monitor contention event with owner method=void com.android.server.wm.WindowAnimator$1.doFrame(long) from WindowAnimator.java:121 waiters=1 for 186ms
12-09 08:05:02.812 W/art     ( 1591): Long monitor contention event with owner method=void com.android.server.wm.WindowAnimator$1.doFrame(long) from WindowAnimator.java:121 waiters=1 for 197ms
12-09 08:05:02.939 W/audio_hw_generic( 1308): Hardware backing HAL too slow, could only write 0 of 661 frames
12-09 08:05:02.965 W/audio_hw_generic( 1308): Hardware backing HAL too slow, could only write 0 of 661 frames
12-09 08:05:02.965 W/audio_hw_generic( 1308): Hardware backing HAL too slow, could only write 0 of 661 frames
12-09 08:05:02.982 W/audio_hw_generic( 1308): Hardware backing HAL too slow, could only write 0 of 661 frames
12-09 08:05:03.002 W/audio_hw_generic( 1308): Hardware backing HAL too slow, could only write 0 of 661 frames
12-09 08:05:03.003 W/art     ( 1591): Long monitor contention event with owner method=void com.android.server.wm.WindowAnimator$1.doFrame(long) from WindowAnimator.java:121 waiters=1 for 191ms
12-09 08:05:03.113 W/audio_hw_generic( 1308): Not supplying enough data to HAL, expected position 23198156 , only wrote 23195151
12-09 08:05:03.113 W/audio_hw_generic( 1308): Not supplying enough data to HAL, expected position 23195157 , only wrote 23195151
12-09 08:05:03.132 W/audio_hw_generic( 1308): Not supplying enough data to HAL, expected position 23195955 , only wrote 23195812
12-09 08:05:03.221 W/art     ( 1591): Long monitor contention event with owner method=void com.android.server.wm.WindowAnimator$1.doFrame(long) from WindowAnimator.java:121 waiters=1 for 218ms
